Archive member included to satisfy reference by file (symbol)

Generated_Source\PSoC6\pdl\middleware\emWin\libs\GCC\libemWin_nosnts_gcc.a(F16B_1.o)
                              .\CortexM4\ARM_GCC_541\Debug\TinyScope.o (GUI_Font16B_1)
Generated_Source\PSoC6\pdl\middleware\emWin\libs\GCC\libemWin_nosnts_gcc.a(F16B_ASCII.o)
                              Generated_Source\PSoC6\pdl\middleware\emWin\libs\GCC\libemWin_nosnts_gcc.a(F16B_1.o) (GUI_Font16B_ASCII_Prop1)
Generated_Source\PSoC6\pdl\middleware\emWin\libs\GCC\libemWin_nosnts_gcc.a(F24B_1.o)
                              .\CortexM4\ARM_GCC_541\Debug\TinyScope.o (GUI_Font24B_1)
Generated_Source\PSoC6\pdl\middleware\emWin\libs\GCC\libemWin_nosnts_gcc.a(F24B_ASCII.o)
                              Generated_Source\PSoC6\pdl\middleware\emWin\libs\GCC\libemWin_nosnts_gcc.a(F24B_1.o) (GUI_Font24B_ASCII_Prop1)
Generated_Source\PSoC6\pdl\middleware\emWin\libs\GCC\libemWin_nosnts_gcc.a(F32B_1.o)
                              .\CortexM4\ARM_GCC_541\Debug\TinyScope.o (GUI_Font32B_1)
Generated_Source\PSoC6\pdl\middleware\emWin\libs\GCC\libemWin_nosnts_gcc.a(F32B_ASCII.o)
                              Generated_Source\PSoC6\pdl\middleware\emWin\libs\GCC\libemWin_nosnts_gcc.a(F32B_1.o) (GUI_Font32B_ASCII_Prop1)
Generated_Source\PSoC6\pdl\middleware\emWin\libs\GCC\libemWin_nosnts_gcc.a(F6x8.o)
                              .\CortexM4\ARM_GCC_541\Debug\GUIConf.o (GUI_Font6x8)
Generated_Source\PSoC6\pdl\middleware\emWin\libs\GCC\libemWin_nosnts_gcc.a(GUI_2DLib.o)
                              .\CortexM4\ARM_GCC_541\Debug\TinyScope.o (GUI_DrawRect)
Generated_Source\PSoC6\pdl\middleware\emWin\libs\GCC\libemWin_nosnts_gcc.a(GUI_Alloc.o)
                              .\CortexM4\ARM_GCC_541\Debug\GUIConf.o (GUI_ALLOC_AssignMemory)
Generated_Source\PSoC6\pdl\middleware\emWin\libs\GCC\libemWin_nosnts_gcc.a(GUI_CharM.o)
                              Generated_Source\PSoC6\pdl\middleware\emWin\libs\GCC\libemWin_nosnts_gcc.a(F6x8.o) (GUIMONO_DispChar)
Generated_Source\PSoC6\pdl\middleware\emWin\libs\GCC\libemWin_nosnts_gcc.a(GUI_CharP.o)
                              Generated_Source\PSoC6\pdl\middleware\emWin\libs\GCC\libemWin_nosnts_gcc.a(F16B_1.o) (GUIPROP_DispChar)
Generated_Source\PSoC6\pdl\middleware\emWin\libs\GCC\libemWin_nosnts_gcc.a(GUI_Common.o)
                              Generated_Source\PSoC6\pdl\middleware\emWin\libs\GCC\libemWin_nosnts_gcc.a(GUI_CharP.o) (GUI_GetBkColor)
Generated_Source\PSoC6\pdl\middleware\emWin\libs\GCC\libemWin_nosnts_gcc.a(GUI_Core.o)
                              Generated_Source\PSoC6\pdl\middleware\emWin\libs\GCC\libemWin_nosnts_gcc.a(GUI_Common.o) (GUI__apDevice)
Generated_Source\PSoC6\pdl\middleware\emWin\libs\GCC\libemWin_nosnts_gcc.a(GUI_Device.o)
                              .\CortexM4\ARM_GCC_541\Debug\LCDConf.o (GUI_DEVICE_CreateAndLink)
Generated_Source\PSoC6\pdl\middleware\emWin\libs\GCC\libemWin_nosnts_gcc.a(GUI_DispString.o)
                              Generated_Source\PSoC6\pdl\middleware\emWin\libs\GCC\libemWin_nosnts_gcc.a(GUI_Common.o) (GUI_DispString)
Generated_Source\PSoC6\pdl\middleware\emWin\libs\GCC\libemWin_nosnts_gcc.a(GUI_DispStringInRectEx.o)
                              Generated_Source\PSoC6\pdl\middleware\emWin\libs\GCC\libemWin_nosnts_gcc.a(GUI_DispString.o) (GUI_DispStringInRectEx)
Generated_Source\PSoC6\pdl\middleware\emWin\libs\GCC\libemWin_nosnts_gcc.a(GUI_DrawLib.o)
                              .\CortexM4\ARM_GCC_541\Debug\TinyScope.o (GUI_FillRect)
Generated_Source\PSoC6\pdl\middleware\emWin\libs\GCC\libemWin_nosnts_gcc.a(GUI_DrawLine.o)
                              .\CortexM4\ARM_GCC_541\Debug\TinyScope.o (GUI_DrawLine)
Generated_Source\PSoC6\pdl\middleware\emWin\libs\GCC\libemWin_nosnts_gcc.a(GUI_FillPolygon.o)
                              Generated_Source\PSoC6\pdl\middleware\emWin\libs\GCC\libemWin_nosnts_gcc.a(GUI_DrawLine.o) (GL_FillPolygon)
Generated_Source\PSoC6\pdl\middleware\emWin\libs\GCC\libemWin_nosnts_gcc.a(GUI_OnKey.o)
                              Generated_Source\PSoC6\pdl\middleware\emWin\libs\GCC\libemWin_nosnts_gcc.a(GUI_Common.o) (GUI_GetKey)
Generated_Source\PSoC6\pdl\middleware\emWin\libs\GCC\libemWin_nosnts_gcc.a(GUI_SPLINE.o)
                              .\CortexM4\ARM_GCC_541\Debug\TinyScope.o (GUI_SPLINE_Draw)
Generated_Source\PSoC6\pdl\middleware\emWin\libs\GCC\libemWin_nosnts_gcc.a(GUI_Time.o)
                              .\CortexM4\ARM_GCC_541\Debug\LCDConf.o (GUI_Delay)
Generated_Source\PSoC6\pdl\middleware\emWin\libs\GCC\libemWin_nosnts_gcc.a(GUI_UC.o)
                              Generated_Source\PSoC6\pdl\middleware\emWin\libs\GCC\libemWin_nosnts_gcc.a(GUI_DispString.o) (GUI_UC__GetCharCodeInc)
Generated_Source\PSoC6\pdl\middleware\emWin\libs\GCC\libemWin_nosnts_gcc.a(GUI_UC_EncodeNone.o)
                              Generated_Source\PSoC6\pdl\middleware\emWin\libs\GCC\libemWin_nosnts_gcc.a(GUI_Core.o) (GUI_UC_None)
[...]
Memory Configuration

Name             Origin             Length             Attributes
ram              0x08024000         0x00023800         xrw
flash            0x10080000         0x00080000         xr
em_eeprom        0x14000000         0x00008000         xr
sflash_user_data 0x16000800         0x00000800         xr
sflash_nar       0x16001a00         0x00000200         xr
sflash_public_key 0x16005a00         0x00000c00         xr
sflash_toc_2     0x16007c00         0x00000200         xr
sflash_rtoc_2    0x16007e00         0x00000200         xr
xip              0x18000000         0x08000000         xr
efuse            0x90700000         0x00100000         r
*default*        0x00000000         0xffffffff

Linker script and memory map

LOAD c:/program files (x86)/cypress/psoc creator/4.4/psoc creator/import/gnu/arm/5.4.1/bin/../lib/gcc/arm-none-eabi/5.4.1/armv7e-m/softfp/crti.o
LOAD c:/program files (x86)/cypress/psoc creator/4.4/psoc creator/import/gnu/arm/5.4.1/bin/../lib/gcc/arm-none-eabi/5.4.1/armv7e-m/softfp/crtbegin.o
LOAD c:/program files (x86)/cypress/psoc creator/4.4/psoc creator/import/gnu/arm/5.4.1/bin/../lib/gcc/arm-none-eabi/5.4.1/../../../../arm-none-eabi/lib/armv7e-m/softfp/crt0.o
START GROUP
LOAD Generated_Source\PSoC6\pdl\middleware\emWin\libs\GCC\libemWin_nosnts_gcc.a
LOAD .\CortexM4\ARM_GCC_541\Debug\startup_psoc6_01_cm4.o
LOAD .\CortexM4\ARM_GCC_541\Debug\main_cm4.o
LOAD .\CortexM4\ARM_GCC_541\Debug\LCDConf.o
LOAD .\CortexM4\ARM_GCC_541\Debug\system_psoc6_cm4.o
LOAD .\CortexM4\ARM_GCC_541\Debug\TinyScope.o
LOAD .\CortexM4\ARM_GCC_541\Debug\cse121_uart_printf.o
LOAD .\CortexM4\ARM_GCC_541\Debug\waves.o
LOAD .\CortexM4\ARM_GCC_541\Debug\UI.o
LOAD .\CortexM4\ARM_GCC_541\Debug\GUI_X.o
LOAD .\CortexM4\ARM_GCC_541\Debug\GUIConf.o
LOAD .\CortexM4\ARM_GCC_541\Debug\cyfitter_sysint_cfg.o
LOAD .\CortexM4\ARM_GCC_541\Debug\cymetadata.o
LOAD .\CortexM4\ARM_GCC_541\Debug\GraphicLCDIntf_1.o
LOAD .\CortexM4\ARM_GCC_541\Debug\GraphicLCDIntf_1_PM.o
LOAD .\CortexM4\ARM_GCC_541\Debug\ADC_1.o
LOAD .\CortexM4\ARM_GCC_541\Debug\ADC_1_INT.o
LOAD .\CortexM4\ARM_GCC_541\Debug\ADC_1_INIT.o
LOAD .\CortexM4\ARM_GCC_541\Debug\ADC_1_PM.o
LOAD .\CortexM4\ARM_GCC_541\Debug\DMA_1.o
LOAD .\CortexM4\ARM_GCC_541\Debug\UART_printf.o
LOAD .\CortexM4\ARM_GCC_541\Debug\PWM_1.o
LOAD .\CortexM4\ARM_GCC_541\Debug\DMA_2.o
LOAD .\CortexM4\ARM_GCC_541\Debug\cy_dma.o
LOAD .\CortexM4\ARM_GCC_541\Debug\cy_efuse.o
LOAD .\CortexM4\ARM_GCC_541\Debug\cy_flash.o
LOAD .\CortexM4\ARM_GCC_541\Debug\cy_gpio.o
LOAD .\CortexM4\ARM_GCC_541\Debug\cy_ipc_drv.o
LOAD .\CortexM4\ARM_GCC_541\Debug\cy_ipc_sema.o
LOAD .\CortexM4\ARM_GCC_541\Debug\cy_ipc_pipe.o
LOAD .\CortexM4\ARM_GCC_541\Debug\cy_lvd.o
LOAD .\CortexM4\ARM_GCC_541\Debug\cy_profile.o
LOAD .\CortexM4\ARM_GCC_541\Debug\cy_prot.o
LOAD .\CortexM4\ARM_GCC_541\Debug\cy_sar.o
LOAD .\CortexM4\ARM_GCC_541\Debug\cy_scb_common.o
LOAD .\CortexM4\ARM_GCC_541\Debug\cy_scb_i2c.o
LOAD .\CortexM4\ARM_GCC_541\Debug\cy_scb_ezi2c.o
LOAD .\CortexM4\ARM_GCC_541\Debug\cy_scb_spi.o
LOAD .\CortexM4\ARM_GCC_541\Debug\cy_scb_uart.o
LOAD .\CortexM4\ARM_GCC_541\Debug\cy_sysanalog.o
LOAD .\CortexM4\ARM_GCC_541\Debug\cy_sysclk.o
LOAD .\CortexM4\ARM_GCC_541\Debug\cy_sysint.o
LOAD .\CortexM4\ARM_GCC_541\Debug\cy_syslib.o
LOAD .\CortexM4\ARM_GCC_541\Debug\cy_syslib_gcc.o
LOAD .\CortexM4\ARM_GCC_541\Debug\cy_syspm.o
LOAD .\CortexM4\ARM_GCC_541\Debug\cy_systick.o
LOAD .\CortexM4\ARM_GCC_541\Debug\cy_tcpwm_counter.o
LOAD .\CortexM4\ARM_GCC_541\Debug\cy_tcpwm_pwm.o
LOAD .\CortexM4\ARM_GCC_541\Debug\cy_tcpwm_quaddec.o
LOAD .\CortexM4\ARM_GCC_541\Debug\cy_trigmux.o
LOAD .\CortexM4\ARM_GCC_541\Debug\cy_wdt.o
LOAD .\CortexM4\ARM_GCC_541\Debug\cy_device.o
LOAD .\CortexM4\ARM_GCC_541\Debug\cy_ble_clk.o
END GROUP
START GROUP
LOAD c:/program files (x86)/cypress/psoc creator/4.4/psoc creator/import/gnu/arm/5.4.1/bin/../lib/gcc/arm-none-eabi/5.4.1/armv7e-m/softfp\libgcc.a
LOAD c:/program files (x86)/cypress/psoc creator/4.4/psoc creator/import/gnu/arm/5.4.1/bin/../lib/gcc/arm-none-eabi/5.4.1/../../../../arm-none-eabi/lib/armv7e-m/softfp\libg_nano.a
LOAD c:/program files (x86)/cypress/psoc creator/4.4/psoc creator/import/gnu/arm/5.4.1/bin/../lib/gcc/arm-none-eabi/5.4.1/../../../../arm-none-eabi/lib/armv7e-m/softfp\libc_nano.a
END GROUP
START GROUP
LOAD c:/program files (x86)/cypress/psoc creator/4.4/psoc creator/import/gnu/arm/5.4.1/bin/../lib/gcc/arm-none-eabi/5.4.1/armv7e-m/softfp\libgcc.a
LOAD c:/program files (x86)/cypress/psoc creator/4.4/psoc creator/import/gnu/arm/5.4.1/bin/../lib/gcc/arm-none-eabi/5.4.1/../../../../arm-none-eabi/lib/armv7e-m/softfp\libc_nano.a
END GROUP
LOAD c:/program files (x86)/cypress/psoc creator/4.4/psoc creator/import/gnu/arm/5.4.1/bin/../lib/gcc/arm-none-eabi/5.4.1/armv7e-m/softfp/crtend.o
LOAD c:/program files (x86)/cypress/psoc creator/4.4/psoc creator/import/gnu/arm/5.4.1/bin/../lib/gcc/arm-none-eabi/5.4.1/armv7e-m/softfp/crtn.o
START GROUP
LOAD c:/program files (x86)/cypress/psoc creator/4.4/psoc creator/import/gnu/arm/5.4.1/bin/../lib/gcc/arm-none-eabi/5.4.1/armv7e-m/softfp\libgcc.a
LOAD c:/program files (x86)/cypress/psoc creator/4.4/psoc creator/import/gnu/arm/5.4.1/bin/../lib/gcc/arm-none-eabi/5.4.1/../../../../arm-none-eabi/lib/armv7e-m/softfp\libc.a
LOAD c:/program files (x86)/cypress/psoc creator/4.4/psoc creator/import/gnu/arm/5.4.1/bin/../lib/gcc/arm-none-eabi/5.4.1/../../../../arm-none-eabi/lib/armv7e-m/softfp\libnosys.a
END GROUP
START GROUP
LOAD c:/program files (x86)/cypress/psoc creator/4.4/psoc creator/import/gnu/arm/5.4.1/bin/../lib/gcc/arm-none-eabi/5.4.1/armv7e-m/softfp\libgcc.a
LOAD c:/program files (x86)/cypress/psoc creator/4.4/psoc creator/import/gnu/arm/5.4.1/bin/../lib/gcc/arm-none-eabi/5.4.1/../../../../arm-none-eabi/lib/armv7e-m/softfp\libc.a
LOAD c:/program files (x86)/cypress/psoc creator/4.4/psoc creator/import/gnu/arm/5.4.1/bin/../lib/gcc/arm-none-eabi/5.4.1/../../../../arm-none-eabi/lib/armv7e-m/softfp\libm.a
LOAD c:/program files (x86)/cypress/psoc creator/4.4/psoc creator/import/gnu/arm/5.4.1/bin/../lib/gcc/arm-none-eabi/5.4.1/../../../../arm-none-eabi/lib/armv7e-m/softfp\libnosys.a
END GROUP

.text           0x10080000    0x1490c
                0x10080000                . = ALIGN (0x4)
                0x10080000                __Vectors = .
 *(.vectors)
 .vectors       0x10080000      0x28c .\CortexM4\ARM_GCC_541\Debug\startup_psoc6_01_cm4.o
                0x1008028c                . = ALIGN (0x4)
                0x1008028c                __Vectors_End = .
                0x0000028c                __Vectors_Size = (__Vectors_End - __Vectors)
                0x1008028c                __end__ = .
                0x1008028c                . = ALIGN (0x4)
 *(.text*)
 .text          0x1008028c       0x5c c:/program files (x86)/cypress/psoc creator/4.4/psoc creator/import/gnu/arm/5.4.1/bin/../lib/gcc/arm-none-eabi/5.4.1/armv7e-m/softfp/crtbegin.o
 .text          0x100802e8       0x84 .\CortexM4\ARM_GCC_541\Debug\startup_psoc6_01_cm4.o
                0x100802e8                Cy_OnResetUser
                0x100802ea                Reset_Handler
                0x1008034c                cpuss_interrupts_ipc_6_IRQHandler
                0x1008034c                DebugMon_Handler
                0x1008034c                tcpwm_1_interrupts_11_IRQHandler
                0x1008034c                cpuss_interrupts_ipc_0_IRQHandler
                0x1008034c                tcpwm_1_interrupts_15_IRQHandler
                0x1008034c                ioss_interrupts_gpio_13_IRQHandler
                0x1008034c                tcpwm_1_interrupts_13_IRQHandler
                0x1008034c                cpuss_interrupts_dw1_8_IRQHandler
                0x1008034c                tcpwm_0_interrupts_0_IRQHandler
                0x1008034c                SysTick_Handler
                0x1008034c                cpuss_interrupt_fm_IRQHandler
                0x1008034c                cpuss_interrupts_ipc_7_IRQHandler
                0x1008034c                tcpwm_1_interrupts_14_IRQHandler
                0x1008034c                cpuss_interrupts_dw0_5_IRQHandler
                0x1008034c                tcpwm_1_interrupts_9_IRQHandler
                0x1008034c                cpuss_interrupts_cm0_cti_1_IRQHandler
                0x1008034c                tcpwm_1_interrupts_22_IRQHandler
                0x1008034c                cpuss_interrupts_dw0_4_IRQHandler
                0x1008034c                PendSV_Handler
                0x1008034c                NMI_Handler
                0x1008034c                cpuss_interrupts_dw1_12_IRQHandler
                0x1008034c                tcpwm_1_interrupts_12_IRQHandler
                0x1008034c                smif_interrupt_IRQHandler
                0x1008034c                tcpwm_1_interrupts_2_IRQHandler
                0x1008034c                cpuss_interrupts_ipc_13_IRQHandler
                0x1008034c                udb_interrupts_11_IRQHandler
                0x1008034c                tcpwm_1_interrupts_18_IRQHandler
                0x1008034c                cpuss_interrupts_dw0_11_IRQHandler
                0x1008034c                tcpwm_0_interrupts_2_IRQHandler
                0x1008034c                cpuss_interrupts_dw0_13_IRQHandler
                0x1008034c                udb_interrupts_2_IRQHandler
                0x1008034c                cpuss_interrupts_dw1_7_IRQHandler
                0x1008034c                ioss_interrupts_gpio_1_IRQHandler
                0x1008034c                ioss_interrupts_gpio_7_IRQHandler
                0x1008034c                scb_5_interrupt_IRQHandler
                0x1008034c                udb_interrupts_6_IRQHandler
                0x1008034c                cpuss_interrupts_fault_1_IRQHandler
                0x1008034c                cpuss_interrupts_ipc_4_IRQHandler
                0x1008034c                cpuss_interrupts_ipc_5_IRQHandler
                0x1008034c                cpuss_interrupts_dw1_10_IRQHandler
                0x1008034c                udb_interrupts_0_IRQHandler
                0x1008034c                tcpwm_1_interrupts_6_IRQHandler
                0x1008034c                scb_4_interrupt_IRQHandler
                0x1008034c                pass_interrupt_dacs_IRQHandler
                0x1008034c                ioss_interrupts_gpio_2_IRQHandler
                0x1008034c                cpuss_interrupts_dw1_9_IRQHandler
                0x1008034c                cpuss_interrupts_dw1_13_IRQHandler
                0x1008034c                scb_2_interrupt_IRQHandler
                0x1008034c                cpuss_interrupts_cm0_cti_0_IRQHandler
                0x1008034c                udb_interrupts_5_IRQHandler
                0x1008034c                srss_interrupt_IRQHandler
                0x1008034c                udb_interrupts_12_IRQHandler
                0x1008034c                scb_0_interrupt_IRQHandler
                0x1008034c                csd_interrupt_IRQHandler
                0x1008034c                udb_interrupts_1_IRQHandler
                0x1008034c                profile_interrupt_IRQHandler
                0x1008034c                tcpwm_1_interrupts_1_IRQHandler
                0x1008034c                cpuss_interrupts_ipc_12_IRQHandler
                0x1008034c                tcpwm_1_interrupts_3_IRQHandler
                0x1008034c                tcpwm_0_interrupts_7_IRQHandler
                0x1008034c                cpuss_interrupts_dw1_1_IRQHandler
                0x1008034c                cpuss_interrupts_dw1_0_IRQHandler
                0x1008034c                cpuss_interrupts_dw0_9_IRQHandler
                0x1008034c                lpcomp_interrupt_IRQHandler
                0x1008034c                tcpwm_1_interrupts_23_IRQHandler
                0x1008034c                udb_interrupts_4_IRQHandler
                0x1008034c                tcpwm_1_interrupts_20_IRQHandler
                0x1008034c                ioss_interrupt_gpio_IRQHandler
                0x1008034c                tcpwm_0_interrupts_1_IRQHandler
                0x1008034c                ioss_interrupts_gpio_8_IRQHandler
                0x1008034c                tcpwm_0_interrupts_6_IRQHandler
                0x1008034c                scb_7_interrupt_IRQHandler
                0x1008034c                tcpwm_1_interrupts_7_IRQHandler
                0x1008034c                cpuss_interrupts_ipc_11_IRQHandler
                0x1008034c                udb_interrupts_13_IRQHandler
                0x1008034c                cpuss_interrupts_dw0_15_IRQHandler
                0x1008034c                udb_interrupts_7_IRQHandler
                0x1008034c                cpuss_interrupts_dw1_6_IRQHandler
                0x1008034c                cpuss_interrupt_crypto_IRQHandler
                0x1008034c                scb_1_interrupt_IRQHandler
                0x1008034c                Default_Handler
                0x1008034c                usb_interrupt_hi_IRQHandler
                0x1008034c                tcpwm_1_interrupts_0_IRQHandler
                0x1008034c                udb_interrupts_9_IRQHandler
                0x1008034c                audioss_interrupt_pdm_IRQHandler
                0x1008034c                srss_interrupt_mcwdt_0_IRQHandler
                0x1008034c                scb_3_interrupt_IRQHandler
                0x1008034c                pass_interrupt_ctbs_IRQHandler
                0x1008034c                udb_interrupts_8_IRQHandler
                0x1008034c                ioss_interrupts_gpio_3_IRQHandler
                0x1008034c                scb_6_interrupt_IRQHandler
                0x1008034c                cpuss_interrupts_cm4_cti_0_IRQHandler
                0x1008034c                cpuss_interrupts_dw1_3_IRQHandler
                0x1008034c                pass_interrupt_sar_IRQHandler
                0x1008034c                ioss_interrupts_gpio_0_IRQHandler
                0x1008034c                ioss_interrupts_gpio_14_IRQHandler
                0x1008034c                tcpwm_0_interrupts_4_IRQHandler
                0x1008034c                udb_interrupts_3_IRQHandler
                0x1008034c                tcpwm_0_interrupts_5_IRQHandler
                0x1008034c                cpuss_interrupts_ipc_15_IRQHandler
                0x1008034c                cpuss_interrupts_cm4_cti_1_IRQHandler
                0x1008034c                scb_8_interrupt_IRQHandler
                0x1008034c                srss_interrupt_mcwdt_1_IRQHandler
                0x1008034c                cpuss_interrupts_dw1_2_IRQHandler
                0x1008034c                SVC_Handler
                0x1008034c                cpuss_interrupts_dw1_5_IRQHandler
                0x1008034c                cpuss_interrupts_ipc_1_IRQHandler
                0x1008034c                cpuss_interrupts_dw0_0_IRQHandler
                0x1008034c                ioss_interrupts_gpio_12_IRQHandler
                0x1008034c                cpuss_interrupts_ipc_3_IRQHandler
                0x1008034c                tcpwm_1_interrupts_17_IRQHandler
                0x1008034c                srss_interrupt_backup_IRQHandler
                0x1008034c                bless_interrupt_IRQHandler
                0x1008034c                cpuss_interrupts_ipc_10_IRQHandler
                0x1008034c                cpuss_interrupts_ipc_9_IRQHandler
                0x1008034c                cpuss_interrupts_dw0_14_IRQHandler
                0x1008034c                tcpwm_1_interrupts_4_IRQHandler
                0x1008034c                tcpwm_0_interrupts_3_IRQHandler
                0x1008034c                cpuss_interrupts_dw1_15_IRQHandler
                0x1008034c                ioss_interrupts_gpio_10_IRQHandler
                0x1008034c                udb_interrupts_10_IRQHandler
                0x1008034c                cpuss_interrupts_dw0_8_IRQHandler
                0x1008034c                ioss_interrupts_gpio_11_IRQHandler
                0x1008034c                cpuss_interrupts_ipc_14_IRQHandler
                0x1008034c                ioss_interrupts_gpio_5_IRQHandler
                0x1008034c                ioss_interrupts_gpio_4_IRQHandler
                0x1008034c                tcpwm_1_interrupts_8_IRQHandler
                0x1008034c                cpuss_interrupts_dw1_14_IRQHandler
                0x1008034c                usb_interrupt_med_IRQHandler
                0x1008034c                cpuss_interrupts_dw0_2_IRQHandler
                0x1008034c                tcpwm_1_interrupts_10_IRQHandler
                0x1008034c                cpuss_interrupts_fault_0_IRQHandler
                0x1008034c                cpuss_interrupts_dw0_12_IRQHandler
                0x1008034c                ioss_interrupts_gpio_6_IRQHandler
                0x1008034c                tcpwm_1_interrupts_21_IRQHandler
                0x1008034c                tcpwm_1_interrupts_16_IRQHandler
                0x1008034c                cpuss_interrupts_dw1_4_IRQHandler
                0x1008034c                udb_interrupts_15_IRQHandler
                0x1008034c                cpuss_interrupts_dw1_11_IRQHandler
                0x1008034c                cpuss_interrupts_dw0_6_IRQHandler
                0x1008034c                ioss_interrupt_vdd_IRQHandler
                0x1008034c                cpuss_interrupts_dw0_7_IRQHandler
                0x1008034c                audioss_interrupt_i2s_IRQHandler
                0x1008034c                tcpwm_1_interrupts_5_IRQHandler
                0x1008034c                cpuss_interrupts_ipc_2_IRQHandler
                0x1008034c                cpuss_interrupts_dw0_10_IRQHandler
                0x1008034c                tcpwm_1_interrupts_19_IRQHandler
                0x1008034c                cpuss_interrupts_dw0_1_IRQHandler
                0x1008034c                ioss_interrupts_gpio_9_IRQHandler
                0x1008034c                usb_interrupt_lo_IRQHandler
                0x1008034c                cpuss_interrupts_ipc_8_IRQHandler
                0x1008034c                udb_interrupts_14_IRQHandler
                0x1008034c                cpuss_interrupts_dw0_3_IRQHandler
                0x10080350                UsageFault_Handler
                0x10080350                HardFault_Handler
                0x10080350                MemManage_Handler
                0x10080350                BusFault_Handler
 .text.Cy_DMA_Channel_Enable
                0x1008036c       0x40 .\CortexM4\ARM_GCC_541\Debug\main_cm4.o
 .text.Cy_DMA_Channel_SetInterruptMask
                0x100803ac       0x4c .\CortexM4\ARM_GCC_541\Debug\main_cm4.o
 .text.DMA_2_ISR
                0x100803f8      0x140 .\CortexM4\ARM_GCC_541\Debug\main_cm4.o
                0x100803f8                DMA_2_ISR
 .text.DMA_1_ISR
                0x10080538      0x158 .\CortexM4\ARM_GCC_541\Debug\main_cm4.o
                0x10080538                DMA_1_ISR
 .text.main     0x10080690      0x3b4 .\CortexM4\ARM_GCC_541\Debug\main_cm4.o
                0x10080690                main
 .text._InitController
                0x10080a44      0x1e0 .\CortexM4\ARM_GCC_541\Debug\LCDConf.o
 .text.LCD_X_Config
                0x10080c24       0x94 .\CortexM4\ARM_GCC_541\Debug\LCDConf.o
                0x10080c24                LCD_X_Config
 .text.LCD_X_DisplayDriver
                0x10080cb8       0x14 .\CortexM4\ARM_GCC_541\Debug\LCDConf.o
                0x10080cb8                LCD_X_DisplayDriver
 .text.Cy_SysIpcPipeIsrCm4
                0x10080ccc        0xc .\CortexM4\ARM_GCC_541\Debug\system_psoc6_cm4.o
                0x10080ccc                Cy_SysIpcPipeIsrCm4
 .text.Cy_SystemInit
                0x10080cd8        0x4 .\CortexM4\ARM_GCC_541\Debug\system_psoc6_cm4.o
                0x10080cd8                Cy_SystemInit
 .text.SystemCoreClockUpdate
                0x10080cdc      0x190 .\CortexM4\ARM_GCC_541\Debug\system_psoc6_cm4.o
                0x10080cdc                SystemCoreClockUpdate
 .text.SystemInit
                0x10080e6c       0x48 .\CortexM4\ARM_GCC_541\Debug\system_psoc6_cm4.o
                0x10080e6c                SystemInit
 .text.Cy_SystemInitFpuEnable
                0x10080eb4       0x28 .\CortexM4\ARM_GCC_541\Debug\system_psoc6_cm4.o
                0x10080eb4                Cy_SystemInitFpuEnable
 .text.ShowStartupScreen
                0x10080edc       0x60 .\CortexM4\ARM_GCC_541\Debug\TinyScope.o
                0x10080edc                ShowStartupScreen
 .text.drawBackground
                0x10080f3c       0x4c .\CortexM4\ARM_GCC_541\Debug\TinyScope.o
                0x10080f3c                drawBackground
 .text.drawGrid
                0x10080f88       0x78 .\CortexM4\ARM_GCC_541\Debug\TinyScope.o
                0x10080f88                drawGrid
 .text.printScaleSettings
                0x10081000       0xbc .\CortexM4\ARM_GCC_541\Debug\TinyScope.o
                0x10081000                printScaleSettings
 .text.printFrequency
                0x100810bc       0x60 .\CortexM4\ARM_GCC_541\Debug\TinyScope.o
                0x100810bc                printFrequency
 .text.Y_scaling
                0x1008111c       0x2c .\CortexM4\ARM_GCC_541\Debug\waves.o
                0x1008111c                Y_scaling
 .text.X_scaling
                0x10081148       0x60 .\CortexM4\ARM_GCC_541\Debug\waves.o
                0x10081148                X_scaling
 .text.PWM_conversion
                0x100811a8       0x20 .\CortexM4\ARM_GCC_541\Debug\waves.o
                0x100811a8                PWM_conversion
 .text.calc_freq
                0x100811c8       0x74 .\CortexM4\ARM_GCC_541\Debug\waves.o
                0x100811c8                calc_freq
 .text.trig_buf_fill
                0x1008123c       0x64 .\CortexM4\ARM_GCC_541\Debug\waves.o
                0x1008123c                trig_buf_fill
 .text.draw_wave_line
                0x100812a0       0x50 .\CortexM4\ARM_GCC_541\Debug\waves.o
                0x100812a0                draw_wave_line
 .text.GUI_X_Systick_Intr
                0x100812f0       0x10 .\CortexM4\ARM_GCC_541\Debug\GUI_X.o
                0x100812f0                GUI_X_Systick_Intr
 .text.GUI_X_GetTime
                0x10081300        0xc .\CortexM4\ARM_GCC_541\Debug\GUI_X.o
                0x10081300                GUI_X_GetTime
 .text.GUI_X_Delay
                0x1008130c       0x18 .\CortexM4\ARM_GCC_541\Debug\GUI_X.o
                0x1008130c                GUI_X_Delay
 .text.GUI_X_Systick_Init
                0x10081324       0x40 .\CortexM4\ARM_GCC_541\Debug\GUI_X.o
                0x10081324                GUI_X_Systick_Init
 .text.GUI_X_Init
                0x10081364        0x8 .\CortexM4\ARM_GCC_541\Debug\GUI_X.o
                0x10081364                GUI_X_Init
 .text.GUI_X_Config
                0x1008136c       0x1c .\CortexM4\ARM_GCC_541\Debug\GUIConf.o
                0x1008136c                GUI_X_Config
 .text.GraphicLCDIntf_1_Init
                0x10081388       0x14 .\CortexM4\ARM_GCC_541\Debug\GraphicLCDIntf_1.o
                0x10081388                GraphicLCDIntf_1_Init
 .text.GraphicLCDIntf_1_Start
                0x1008139c       0x18 .\CortexM4\ARM_GCC_541\Debug\GraphicLCDIntf_1.o
                0x1008139c                GraphicLCDIntf_1_Start
 .text.GraphicLCDIntf_1_WriteM8
                0x100813b4       0x30 .\CortexM4\ARM_GCC_541\Debug\GraphicLCDIntf_1.o
                0x100813b4                GraphicLCDIntf_1_WriteM8
 .text.GraphicLCDIntf_1_Read8
                0x100813e4       0x30 .\CortexM4\ARM_GCC_541\Debug\GraphicLCDIntf_1.o
                0x100813e4                GraphicLCDIntf_1_Read8
 .text.GraphicLCDIntf_1_ReadM8
                0x10081414       0x1c .\CortexM4\ARM_GCC_541\Debug\GraphicLCDIntf_1.o
                0x10081414                GraphicLCDIntf_1_ReadM8
 .text.GraphicLCDIntf_1_Write8_A0
                0x10081430       0x20 .\CortexM4\ARM_GCC_541\Debug\GraphicLCDIntf_1.o
                0x10081430                GraphicLCDIntf_1_Write8_A0
 .text.GraphicLCDIntf_1_Write8_A1
                0x10081450       0x20 .\CortexM4\ARM_GCC_541\Debug\GraphicLCDIntf_1.o
                0x10081450                GraphicLCDIntf_1_Write8_A1
 .text.GraphicLCDIntf_1_WriteM8_A1
                0x10081470       0x10 .\CortexM4\ARM_GCC_541\Debug\GraphicLCDIntf_1.o
                0x10081470                GraphicLCDIntf_1_WriteM8_A1
 .text.GraphicLCDIntf_1_Read8_A1
                0x10081480        0xc .\CortexM4\ARM_GCC_541\Debug\GraphicLCDIntf_1.o
                0x10081480                GraphicLCDIntf_1_Read8_A1
 .text.GraphicLCDIntf_1_ReadM8_A1
                0x1008148c       0x10 .\CortexM4\ARM_GCC_541\Debug\GraphicLCDIntf_1.o
                0x1008148c                GraphicLCDIntf_1_ReadM8_A1
 .text.ADC_1_InitConfig
                0x1008149c       0x84 .\CortexM4\ARM_GCC_541\Debug\ADC_1.o
                0x1008149c                ADC_1_InitConfig
 .text.ADC_1_StartConvert
                0x10081520       0x24 .\CortexM4\ARM_GCC_541\Debug\ADC_1.o
                0x10081520                ADC_1_StartConvert
 .text.ADC_1_Init
                0x10081544       0x34 .\CortexM4\ARM_GCC_541\Debug\ADC_1.o
                0x10081544                ADC_1_Init
 .text.ADC_1_Start
                0x10081578       0x2c .\CortexM4\ARM_GCC_541\Debug\ADC_1.o
                0x10081578                ADC_1_Start
 .text.ADC_1_ISR
                0x100815a4       0x30 .\CortexM4\ARM_GCC_541\Debug\ADC_1_INT.o
                0x100815a4                ADC_1_ISR
 .text.PWM_1_Start
                0x100815d4       0x30 .\CortexM4\ARM_GCC_541\Debug\PWM_1.o
                0x100815d4                PWM_1_Start
 .text.Cy_DMA_Descriptor_Init
                0x10081604      0x270 .\CortexM4\ARM_GCC_541\Debug\cy_dma.o
                0x10081604                Cy_DMA_Descriptor_Init
 .text.Cy_DMA_Channel_Init
                0x10081874       0xe8 .\CortexM4\ARM_GCC_541\Debug\cy_dma.o
                0x10081874                Cy_DMA_Channel_Init
 .text.Cy_Flash_ProcessOpcode
                0x1008195c       0xac .\CortexM4\ARM_GCC_541\Debug\cy_flash.o
 .text.Cy_Flash_OperationStatus
                0x10081a08       0x5c .\CortexM4\ARM_GCC_541\Debug\cy_flash.o
 .text.Cy_Flash_InitExt
                0x10081a64       0x80 .\CortexM4\ARM_GCC_541\Debug\cy_flash.o
                0x10081a64                Cy_Flash_InitExt
 .text.Cy_Flash_Init
                0x10081ae4       0x10 .\CortexM4\ARM_GCC_541\Debug\cy_flash.o
                0x10081ae4                Cy_Flash_Init
 .text.Cy_IPC_Drv_LockRelease
                0x10081af4       0x3c .\CortexM4\ARM_GCC_541\Debug\cy_ipc_drv.o
                0x10081af4                Cy_IPC_Drv_LockRelease
 .text.Cy_IPC_Drv_SendMsgWord
                0x10081b30       0x3c .\CortexM4\ARM_GCC_541\Debug\cy_ipc_drv.o
                0x10081b30                Cy_IPC_Drv_SendMsgWord
 .text.Cy_IPC_Drv_ReadMsgWord
                0x10081b6c       0x38 .\CortexM4\ARM_GCC_541\Debug\cy_ipc_drv.o
                0x10081b6c                Cy_IPC_Drv_ReadMsgWord
 .text.Cy_IPC_Sema_InitExt
                0x10081ba4       0xac .\CortexM4\ARM_GCC_541\Debug\cy_ipc_sema.o
                0x10081ba4                Cy_IPC_Sema_InitExt
 .text.Cy_IPC_Sema_Init
                0x10081c50       0x64 .\CortexM4\ARM_GCC_541\Debug\cy_ipc_sema.o
                0x10081c50                Cy_IPC_Sema_Init
 .text.Cy_IPC_Sema_Clear
                0x10081cb4       0x88 .\CortexM4\ARM_GCC_541\Debug\cy_ipc_sema.o
                0x10081cb4                Cy_IPC_Sema_Clear
 .text.Cy_IPC_Sema_Status
                0x10081d3c       0x40 .\CortexM4\ARM_GCC_541\Debug\cy_ipc_sema.o
                0x10081d3c                Cy_IPC_Sema_Status
 .text.Cy_IPC_Pipe_Config
                0x10081d7c       0x10 .\CortexM4\ARM_GCC_541\Debug\cy_ipc_pipe.o
                0x10081d7c                Cy_IPC_Pipe_Config
 .text.Cy_IPC_Pipe_EndpointInit
                0x10081d8c       0xd0 .\CortexM4\ARM_GCC_541\Debug\cy_ipc_pipe.o
                0x10081d8c                Cy_IPC_Pipe_EndpointInit
 .text.Cy_IPC_Pipe_Init
                0x10081e5c       0xb4 .\CortexM4\ARM_GCC_541\Debug\cy_ipc_pipe.o
                0x10081e5c                Cy_IPC_Pipe_Init
 .text.Cy_IPC_Pipe_SendMessage
                0x10081f10       0xa4 .\CortexM4\ARM_GCC_541\Debug\cy_ipc_pipe.o
                0x10081f10                Cy_IPC_Pipe_SendMessage
 .text.Cy_IPC_Pipe_RegisterCallback
                0x10081fb4       0x50 .\CortexM4\ARM_GCC_541\Debug\cy_ipc_pipe.o
                0x10081fb4                Cy_IPC_Pipe_RegisterCallback
 .text.Cy_IPC_Pipe_ExecCallback
                0x10082004       0xbc .\CortexM4\ARM_GCC_541\Debug\cy_ipc_pipe.o
                0x10082004                Cy_IPC_Pipe_ExecCallback
 .text.Cy_IPC_Pipe_ExecuteCallback
                0x100820c0       0x2c .\CortexM4\ARM_GCC_541\Debug\cy_ipc_pipe.o
                0x100820c0                Cy_IPC_Pipe_ExecuteCallback
 .text.Cy_SAR_Init
                0x100820ec      0x200 .\CortexM4\ARM_GCC_541\Debug\cy_sar.o
                0x100820ec                Cy_SAR_Init
 .text.Cy_SAR_DeInit
                0x100822ec       0x70 .\CortexM4\ARM_GCC_541\Debug\cy_sar.o
                0x100822ec                Cy_SAR_DeInit
 .text.Cy_SAR_Enable
                0x1008235c       0x20 .\CortexM4\ARM_GCC_541\Debug\cy_sar.o
                0x1008235c                Cy_SAR_Enable
 .text.Cy_SAR_StartConvert
                0x1008237c       0x2c .\CortexM4\ARM_GCC_541\Debug\cy_sar.o
                0x1008237c                Cy_SAR_StartConvert
 .text.Cy_SAR_GetResult16
                0x100823a8       0x2c .\CortexM4\ARM_GCC_541\Debug\cy_sar.o
                0x100823a8                Cy_SAR_GetResult16
 .text.Cy_SysInt_SetVector
                0x100823d4       0x48 .\CortexM4\ARM_GCC_541\Debug\cy_sysint.o
                0x100823d4                Cy_SysInt_SetVector
 .text.Cy_SysInt_Init
                0x1008241c       0x74 .\CortexM4\ARM_GCC_541\Debug\cy_sysint.o
                0x1008241c                Cy_SysInt_Init
 .text.Cy_SysLib_Delay
                0x10082490       0x30 .\CortexM4\ARM_GCC_541\Debug\cy_syslib.o
                0x10082490                Cy_SysLib_Delay
 .text.Cy_SysLib_DelayUs
                0x100824c0       0x14 .\CortexM4\ARM_GCC_541\Debug\cy_syslib.o
                0x100824c0                Cy_SysLib_DelayUs
 .text.Cy_SysLib_Halt
                0x100824d4        0x4 .\CortexM4\ARM_GCC_541\Debug\cy_syslib.o
                0x100824d4                Cy_SysLib_Halt
 .text.Cy_SysLib_AssertFailed
                0x100824d8       0x1c .\CortexM4\ARM_GCC_541\Debug\cy_syslib.o
                0x100824d8                Cy_SysLib_AssertFailed
 .text.Cy_SysLib_ProcessingFault
                0x100824f4        0x4 .\CortexM4\ARM_GCC_541\Debug\cy_syslib.o
                0x100824f4                Cy_SysLib_ProcessingFault
 .text.Cy_SysLib_FaultHandler
                0x100824f8       0xa4 .\CortexM4\ARM_GCC_541\Debug\cy_syslib.o
                0x100824f8                Cy_SysLib_FaultHandler
 *fill*         0x1008259c        0x4 
 .text          0x100825a0       0x20 .\CortexM4\ARM_GCC_541\Debug\cy_syslib_gcc.o
                0x100825a0                Cy_SysLib_DelayCycles
                0x100825b2                Cy_SysLib_EnterCriticalSection
                0x100825ba                Cy_SysLib_ExitCriticalSection
 .text.Cy_SysTick_ServiceCallbacks
                0x100825c0       0x2c .\CortexM4\ARM_GCC_541\Debug\cy_systick.o
 .text.Cy_SysTick_Enable
                0x100825ec       0x18 .\CortexM4\ARM_GCC_541\Debug\cy_systick.o
                0x100825ec                Cy_SysTick_Enable
 .text.Cy_SysTick_SetClockSource
                0x10082604       0x38 .\CortexM4\ARM_GCC_541\Debug\cy_systick.o
                0x10082604                Cy_SysTick_SetClockSource
 .text.Cy_SysTick_Init
                0x1008263c       0x44 .\CortexM4\ARM_GCC_541\Debug\cy_systick.o
                0x1008263c                Cy_SysTick_Init
 .text.Cy_SysTick_SetCallback
                0x10082680       0x1c .\CortexM4\ARM_GCC_541\Debug\cy_systick.o
                0x10082680                Cy_SysTick_SetCallback
 .text.Cy_SysTick_GetCallback
                0x1008269c       0x14 .\CortexM4\ARM_GCC_541\Debug\cy_systick.o
                0x1008269c                Cy_SysTick_GetCallback
 .text.Cy_TCPWM_PWM_Init
                0x100826b0      0x16c .\CortexM4\ARM_GCC_541\Debug\cy_tcpwm_pwm.o
                0x100826b0                Cy_TCPWM_PWM_Init
 .text.Cy_PDL_Init
                0x1008281c        0xc .\CortexM4\ARM_GCC_541\Debug\cy_device.o
                0x1008281c                Cy_PDL_Init
 .text.GUI_DrawRect
                0x10082828       0x74 Generated_Source\PSoC6\pdl\middleware\emWin\libs\GCC\libemWin_nosnts_gcc.a(GUI_2DLib.o)
                0x10082828                GUI_DrawRect
 .text._PushFreeBlock
                0x1008289c       0x20 Generated_Source\PSoC6\pdl\middleware\emWin\libs\GCC\libemWin_nosnts_gcc.a(GUI_Alloc.o)
 .text._RemoveFreeBlock
                0x100828bc       0x44 Generated_Source\PSoC6\pdl\middleware\emWin\libs\GCC\libemWin_nosnts_gcc.a(GUI_Alloc.o)
 .text._AddFreeMemory
                0x10082900       0xa8 Generated_Source\PSoC6\pdl\middleware\emWin\libs\GCC\libemWin_nosnts_gcc.a(GUI_Alloc.o)
 .text._RemoveHoles
                0x100829a8       0x94 Generated_Source\PSoC6\pdl\middleware\emWin\libs\GCC\libemWin_nosnts_gcc.a(GUI_Alloc.o)
 .text.GUI_ALLOC_FreeFixedBlock
                0x10082a3c       0x18 Generated_Source\PSoC6\pdl\middleware\emWin\libs\GCC\libemWin_nosnts_gcc.a(GUI_Alloc.o)
                0x10082a3c                GUI_ALLOC_FreeFixedBlock
 .text.GUI_ALLOC_h2p
                0x10082a54       0x14 Generated_Source\PSoC6\pdl\middleware\emWin\libs\GCC\libemWin_nosnts_gcc.a(GUI_Alloc.o)
                0x10082a54                GUI_ALLOC_h2p
 .text.GUI_ALLOC_LockH
                0x10082a68       0x20 Generated_Source\PSoC6\pdl\middleware\emWin\libs\GCC\libemWin_nosnts_gcc.a(GUI_Alloc.o)
                0x10082a68                GUI_ALLOC_LockH
 .text.GUI_ALLOC_UnlockH
                0x10082a88       0x30 Generated_Source\PSoC6\pdl\middleware\emWin\libs\GCC\libemWin_nosnts_gcc.a(GUI_Alloc.o)
                0x10082a88                GUI_ALLOC_UnlockH
 .text.GUI_ALLOC_AssignMemory
                0x10082ab8       0x10 Generated_Source\PSoC6\pdl\middleware\emWin\libs\GCC\libemWin_nosnts_gcc.a(GUI_Alloc.o)
                0x10082ab8                GUI_ALLOC_AssignMemory
 .text.GUI_ALLOC_Free
                0x10082ac8       0x24 Generated_Source\PSoC6\pdl\middleware\emWin\libs\GCC\libemWin_nosnts_gcc.a(GUI_Alloc.o)
                0x10082ac8                GUI_ALLOC_Free
 .text._EnlargeBlocks
                0x10082aec       0x98 Generated_Source\PSoC6\pdl\middleware\emWin\libs\GCC\libemWin_nosnts_gcc.a(GUI_Alloc.o)
 .text._InitOnce
                0x10082b84       0x6c Generated_Source\PSoC6\pdl\middleware\emWin\libs\GCC\libemWin_nosnts_gcc.a(GUI_Alloc.o)
 .text.GUI_ALLOC_GetFixedBlock
                0x10082bf0       0xb8 Generated_Source\PSoC6\pdl\middleware\emWin\libs\GCC\libemWin_nosnts_gcc.a(GUI_Alloc.o)
                0x10082bf0                GUI_ALLOC_GetFixedBlock
 .text.GUI_ALLOC_GetMaxSize
                0x10082ca8       0x40 Generated_Source\PSoC6\pdl\middleware\emWin\libs\GCC\libemWin_nosnts_gcc.a(GUI_Alloc.o)
                0x10082ca8                GUI_ALLOC_GetMaxSize
 .text.GUI_ALLOC_RequestSize
                0x10082ce8       0x2c Generated_Source\PSoC6\pdl\middleware\emWin\libs\GCC\libemWin_nosnts_gcc.a(GUI_Alloc.o)
                0x10082ce8                GUI_ALLOC_RequestSize
 .text._Alloc   0x10082d14      0x100 Generated_Source\PSoC6\pdl\middleware\emWin\libs\GCC\libemWin_nosnts_gcc.a(GUI_Alloc.o)
 .text.GUI_ALLOC_AllocNoInit
                0x10082e14       0x12 Generated_Source\PSoC6\pdl\middleware\emWin\libs\GCC\libemWin_nosnts_gcc.a(GUI_Alloc.o)
                0x10082e14                GUI_ALLOC_AllocNoInit
 *fill*         0x10082e26        0x2 
 .text.GUI_ALLOC_AllocZero
                0x10082e28       0x2c Generated_Source\PSoC6\pdl\middleware\emWin\libs\GCC\libemWin_nosnts_gcc.a(GUI_Alloc.o)
                0x10082e28                GUI_ALLOC_AllocZero
 .text.GUIMONO_DispChar
                0x10082e54      0x14c Generated_Source\PSoC6\pdl\middleware\emWin\libs\GCC\libemWin_nosnts_gcc.a(GUI_CharM.o)
                0x10082e54                GUIMONO_DispChar
 .text.GUIMONO_GetCharDistX
                0x10082fa0       0x18 Generated_Source\PSoC6\pdl\middleware\emWin\libs\GCC\libemWin_nosnts_gcc.a(GUI_CharM.o)
                0x10082fa0                GUIMONO_GetCharDistX
 .text.GUIMONO_GetFontInfo
                0x10082fb8        0x6 Generated_Source\PSoC6\pdl\middleware\emWin\libs\GCC\libemWin_nosnts_gcc.a(GUI_CharM.o)
                0x10082fb8                GUIMONO_GetFontInfo
 .text.GUIMONO_IsInFont
                0x10082fbe       0x36 Generated_Source\PSoC6\pdl\middleware\emWin\libs\GCC\libemWin_nosnts_gcc.a(GUI_CharM.o)
                0x10082fbe                GUIMONO_IsInFont
 .text.GUIPROP__FindChar
                0x10082ff4       0x16 Generated_Source\PSoC6\pdl\middleware\emWin\libs\GCC\libemWin_nosnts_gcc.a(GUI_CharP.o)
                0x10082ff4                GUIPROP__FindChar
 *fill*         0x1008300a        0x2 
 .text.GUIPROP_DispChar
                0x1008300c       0xd4 Generated_Source\PSoC6\pdl\middleware\emWin\libs\GCC\libemWin_nosnts_gcc.a(GUI_CharP.o)
                0x1008300c                GUIPROP_DispChar
 .text.GUIPROP_GetCharDistX
                0x100830e0       0x38 Generated_Source\PSoC6\pdl\middleware\emWin\libs\GCC\libemWin_nosnts_gcc.a(GUI_CharP.o)
                0x100830e0                GUIPROP_GetCharDistX
 .text.GUIPROP_GetFontInfo
                0x10083118        0x6 Generated_Source\PSoC6\pdl\middleware\emWin\libs\GCC\libemWin_nosnts_gcc.a(GUI_CharP.o)
                0x10083118                GUIPROP_GetFontInfo
 .text.GUIPROP_IsInFont
                0x1008311e       0x10 Generated_Source\PSoC6\pdl\middleware\emWin\libs\GCC\libemWin_nosnts_gcc.a(GUI_CharP.o)
                0x1008311e                GUIPROP_IsInFont
 .text.GUI_CalcColorDist
                0x1008312e       0x54 Generated_Source\PSoC6\pdl\middleware\emWin\libs\GCC\libemWin_nosnts_gcc.a(GUI_Common.o)
                0x1008312e                GUI_CalcColorDist
 .text.GUI_GetBkColor
                0x10083182        0xc Generated_Source\PSoC6\pdl\middleware\emWin\libs\GCC\libemWin_nosnts_gcc.a(GUI_Common.o)
                0x10083182                GUI_GetBkColor
 .text.GUI_GetColor
                0x1008318e        0xc Generated_Source\PSoC6\pdl\middleware\emWin\libs\GCC\libemWin_nosnts_gcc.a(GUI_Common.o)
                0x1008318e                GUI_GetColor
 *fill*         0x1008319a        0x2 
 .text.GUI_GetOrg
                0x1008319c       0x1c Generated_Source\PSoC6\pdl\middleware\emWin\libs\GCC\libemWin_nosnts_gcc.a(GUI_Common.o)
                0x1008319c                GUI_GetOrg
 .text.GUI_MergeRect
                0x100831b8       0x62 Generated_Source\PSoC6\pdl\middleware\emWin\libs\GCC\libemWin_nosnts_gcc.a(GUI_Common.o)
                0x100831b8                GUI_MergeRect
 .text.GUI_MoveRect
                0x1008321a       0x22 Generated_Source\PSoC6\pdl\middleware\emWin\libs\GCC\libemWin_nosnts_gcc.a(GUI_Common.o)
                0x1008321a                GUI_MoveRect
 .text.GUI_Exec1
                0x1008323c       0x48 Generated_Source\PSoC6\pdl\middleware\emWin\libs\GCC\libemWin_nosnts_gcc.a(GUI_Common.o)
                0x1008323c                GUI_Exec1
 .text.GUI_Exec
                0x10083284       0x14 Generated_Source\PSoC6\pdl\middleware\emWin\libs\GCC\libemWin_nosnts_gcc.a(GUI_Common.o)
                0x10083284                GUI_Exec
 .text.GUI_GotoXY
                0x10083298       0x10 Generated_Source\PSoC6\pdl\middleware\emWin\libs\GCC\libemWin_nosnts_gcc.a(GUI_Common.o)
                0x10083298                GUI_GotoXY
 .text.GUI_SetPenSize
                0x100832a8       0x10 Generated_Source\PSoC6\pdl\middleware\emWin\libs\GCC\libemWin_nosnts_gcc.a(GUI_Common.o)
                0x100832a8                GUI_SetPenSize
 .text.GUI_RectsIntersect
                0x100832b8       0x3c Generated_Source\PSoC6\pdl\middleware\emWin\libs\GCC\libemWin_nosnts_gcc.a(GUI_Common.o)
                0x100832b8                GUI_RectsIntersect
 .text.GUI_SaveContext_W
                0x100832f4       0x14 Generated_Source\PSoC6\pdl\middleware\emWin\libs\GCC\libemWin_nosnts_gcc.a(GUI_Common.o)
                0x100832f4                GUI_SaveContext_W
 .text.GUI_RestoreContext
                0x10083308       0x14 Generated_Source\PSoC6\pdl\middleware\emWin\libs\GCC\libemWin_nosnts_gcc.a(GUI_Common.o)
                0x10083308                GUI_RestoreContext
 .text.GUI_SelectLCD
                0x1008331c       0x10 Generated_Source\PSoC6\pdl\middleware\emWin\libs\GCC\libemWin_nosnts_gcc.a(GUI_Common.o)
                0x1008331c                GUI_SelectLCD
 .text.GUI_SetBkColor
                0x1008332c        0x8 Generated_Source\PSoC6\pdl\middleware\emWin\libs\GCC\libemWin_nosnts_gcc.a(GUI_Common.o)
                0x1008332c                GUI_SetBkColor
 .text.GUI_SetColor
                0x10083334        0x8 Generated_Source\PSoC6\pdl\middleware\emWin\libs\GCC\libemWin_nosnts_gcc.a(GUI_Common.o)
                0x10083334                GUI_SetColor
 .text.GUI_SetDrawMode
                0x1008333c        0x8 Generated_Source\PSoC6\pdl\middleware\emWin\libs\GCC\libemWin_nosnts_gcc.a(GUI_Common.o)
                0x1008333c                GUI_SetDrawMode
 .text.GUI_SetFont
                0x10083344       0x14 Generated_Source\PSoC6\pdl\middleware\emWin\libs\GCC\libemWin_nosnts_gcc.a(GUI_Common.o)
                0x10083344                GUI_SetFont
 .text.GUI_SetLineStyle
                0x10083358       0x10 Generated_Source\PSoC6\pdl\middleware\emWin\libs\GCC\libemWin_nosnts_gcc.a(GUI_Common.o)
                0x10083358                GUI_SetLineStyle
 .text.GUI_SetOrg
                0x10083368       0x34 Generated_Source\PSoC6\pdl\middleware\emWin\libs\GCC\libemWin_nosnts_gcc.a(GUI_Common.o)
                0x10083368                GUI_SetOrg
 .text.GUI_SetTextAlign
                0x1008339c       0x14 Generated_Source\PSoC6\pdl\middleware\emWin\libs\GCC\libemWin_nosnts_gcc.a(GUI_Common.o)
                0x1008339c                GUI_SetTextAlign
 .text.GUI_SetTextMode
                0x100833b0       0x14 Generated_Source\PSoC6\pdl\middleware\emWin\libs\GCC\libemWin_nosnts_gcc.a(GUI_Common.o)
                0x100833b0                GUI_SetTextMode
 .text.GL_SetDefault
                0x100833c4       0x48 Generated_Source\PSoC6\pdl\middleware\emWin\libs\GCC\libemWin_nosnts_gcc.a(GUI_Common.o)
                0x100833c4                GL_SetDefault
 .text._OnExit  0x1008340c       0x44 Generated_Source\PSoC6\pdl\middleware\emWin\libs\GCC\libemWin_nosnts_gcc.a(GUI_Core.o)
 .text.GUI_SetDefaultFont
                0x10083450        0xc Generated_Source\PSoC6\pdl\middleware\emWin\libs\GCC\libemWin_nosnts_gcc.a(GUI_Core.o)
                0x10083450                GUI_SetDefaultFont
 .text.GUI_ClearRect
                0x1008345c       0x5c Generated_Source\PSoC6\pdl\middleware\emWin\libs\GCC\libemWin_nosnts_gcc.a(GUI_Core.o)
                0x1008345c                GUI_ClearRect
 .text.GUI_Clear
                0x100834b8       0x20 Generated_Source\PSoC6\pdl\middleware\emWin\libs\GCC\libemWin_nosnts_gcc.a(GUI_Core.o)
                0x100834b8                GUI_Clear
 .text.GUI__RegisterExit
                0x100834d8       0x10 Generated_Source\PSoC6\pdl\middleware\emWin\libs\GCC\libemWin_nosnts_gcc.a(GUI_Core.o)
                0x100834d8                GUI__RegisterExit
 .text.GUI__Config
                0x100834e8       0x30 Generated_Source\PSoC6\pdl\middleware\emWin\libs\GCC\libemWin_nosnts_gcc.a(GUI_Core.o)
                0x100834e8                GUI__Config
 .text.GUI_Init
                0x10083518       0xf8 Generated_Source\PSoC6\pdl\middleware\emWin\libs\GCC\libemWin_nosnts_gcc.a(GUI_Core.o)
                0x10083518                GUI_Init
 .text.GUI_DEVICE__GetpDriver
                0x10083610       0x24 Generated_Source\PSoC6\pdl\middleware\emWin\libs\GCC\libemWin_nosnts_gcc.a(GUI_Device.o)
                0x10083610                GUI_DEVICE__GetpDriver
 .text.GUI_DEVICE_Delete
                0x10083634        0x8 Generated_Source\PSoC6\pdl\middleware\emWin\libs\GCC\libemWin_nosnts_gcc.a(GUI_Device.o)
                0x10083634                GUI_DEVICE_Delete
 .text.GUI_DEVICE_Create
                0x1008363c       0x50 Generated_Source\PSoC6\pdl\middleware\emWin\libs\GCC\libemWin_nosnts_gcc.a(GUI_Device.o)
                0x1008363c                GUI_DEVICE_Create
 .text.GUI_DEVICE_Unlink
                0x1008368c       0x38 Generated_Source\PSoC6\pdl\middleware\emWin\libs\GCC\libemWin_nosnts_gcc.a(GUI_Device.o)
                0x1008368c                GUI_DEVICE_Unlink
 .text.GUI_DEVICE_Link
                0x100836c4       0x8c Generated_Source\PSoC6\pdl\middleware\emWin\libs\GCC\libemWin_nosnts_gcc.a(GUI_Device.o)
                0x100836c4                GUI_DEVICE_Link
 .text.GUI_DEVICE_CreateAndLink
                0x10083750       0x2c Generated_Source\PSoC6\pdl\middleware\emWin\libs\GCC\libemWin_nosnts_gcc.a(GUI_Device.o)
                0x10083750                GUI_DEVICE_CreateAndLink
 .text.GUI_DispString
                0x1008377c      0x110 Generated_Source\PSoC6\pdl\middleware\emWin\libs\GCC\libemWin_nosnts_gcc.a(GUI_DispString.o)
                0x1008377c                GUI_DispString
 .text.GUI_DispStringAt
                0x1008388c       0x14 Generated_Source\PSoC6\pdl\middleware\emWin\libs\GCC\libemWin_nosnts_gcc.a(GUI_DispString.o)
                0x1008388c                GUI_DispStringAt
 .text.GL_DrawPoint
                0x100838a0       0x28 Generated_Source\PSoC6\pdl\middleware\emWin\libs\GCC\libemWin_nosnts_gcc.a(GUI_DrawLib.o)
                0x100838a0                GL_DrawPoint
 .text.GUI_FillRect
                0x100838c8       0x40 Generated_Source\PSoC6\pdl\middleware\emWin\libs\GCC\libemWin_nosnts_gcc.a(GUI_DrawLib.o)
                0x100838c8                GUI_FillRect
 .text._SetLineColor
                0x10083908       0x8c Generated_Source\PSoC6\pdl\middleware\emWin\libs\GCC\libemWin_nosnts_gcc.a(GUI_DrawLine.o)
 .text.GUI_sin  0x10083994       0x5c Generated_Source\PSoC6\pdl\middleware\emWin\libs\GCC\libemWin_nosnts_gcc.a(GUI_DrawLine.o)
                0x10083994                GUI_sin
 .text.GUI_cos  0x100839f0        0xe Generated_Source\PSoC6\pdl\middleware\emWin\libs\GCC\libemWin_nosnts_gcc.a(GUI_DrawLine.o)
                0x100839f0                GUI_cos
 *fill*         0x100839fe        0x2 
 .text.GL_DrawLine1Ex
                0x10083a00      0x1a8 Generated_Source\PSoC6\pdl\middleware\emWin\libs\GCC\libemWin_nosnts_gcc.a(GUI_DrawLine.o)
                0x10083a00                GL_DrawLine1Ex
 .text.GL_DrawLineEx
                0x10083ba8      0x19c Generated_Source\PSoC6\pdl\middleware\emWin\libs\GCC\libemWin_nosnts_gcc.a(GUI_DrawLine.o)
                0x10083ba8                GL_DrawLineEx
 .text.GL_DrawLine
                0x10083d44       0x10 Generated_Source\PSoC6\pdl\middleware\emWin\libs\GCC\libemWin_nosnts_gcc.a(GUI_DrawLine.o)
                0x10083d44                GL_DrawLine
 .text.GUI_DrawLine
                0x10083d54       0x38 Generated_Source\PSoC6\pdl\middleware\emWin\libs\GCC\libemWin_nosnts_gcc.a(GUI_DrawLine.o)
                0x10083d54                GUI_DrawLine
 .text._Add     0x10083d8c       0x4c Generated_Source\PSoC6\pdl\middleware\emWin\libs\GCC\libemWin_nosnts_gcc.a(GUI_FillPolygon.o)
 .text.GL_FillPolygon
                0x10083dd8      0x1d4 Generated_Source\PSoC6\pdl\middleware\emWin\libs\GCC\libemWin_nosnts_gcc.a(GUI_FillPolygon.o)
                0x10083dd8                GL_FillPolygon
 .text.GUI_StoreKey
                0x10083fac       0x18 Generated_Source\PSoC6\pdl\middleware\emWin\libs\GCC\libemWin_nosnts_gcc.a(GUI_OnKey.o)
                0x10083fac                GUI_StoreKey
 .text.GUI_PollKeyMsg
                0x10083fc4       0x34 Generated_Source\PSoC6\pdl\middleware\emWin\libs\GCC\libemWin_nosnts_gcc.a(GUI_OnKey.o)
                0x10083fc4                GUI_PollKeyMsg
 .text.GUI_Delay
                0x10083ff8       0x30 Generated_Source\PSoC6\pdl\middleware\emWin\libs\GCC\libemWin_nosnts_gcc.a(GUI_Time.o)
                0x10083ff8                GUI_Delay
 .text.GUI_UC__GetCharCodeInc
                0x10084028       0x28 Generated_Source\PSoC6\pdl\middleware\emWin\libs\GCC\libemWin_nosnts_gcc.a(GUI_UC.o)
                0x10084028                GUI_UC__GetCharCodeInc
 .text.GUI_UC__NumChars2NumBytes
                0x10084050       0x28 Generated_Source\PSoC6\pdl\middleware\emWin\libs\GCC\libemWin_nosnts_gcc.a(GUI_UC.o)
                0x10084050                GUI_UC__NumChars2NumBytes
 .text._GetCharCode
                0x10084078        0x4 Generated_Source\PSoC6\pdl\middleware\emWin\libs\GCC\libemWin_nosnts_gcc.a(GUI_UC_EncodeNone.o)
 .text._GetCharSize
                0x1008407c        0x4 Generated_Source\PSoC6\pdl\middleware\emWin\libs\GCC\libemWin_nosnts_gcc.a(GUI_UC_EncodeNone.o)
 .text._CalcSizeOfChar
                0x10084080        0x4 Generated_Source\PSoC6\pdl\middleware\emWin\libs\GCC\libemWin_nosnts_gcc.a(GUI_UC_EncodeNone.o)
 .text._Encode  0x10084084        0x6 Generated_Source\PSoC6\pdl\middleware\emWin\libs\GCC\libemWin_nosnts_gcc.a(GUI_UC_EncodeNone.o)
 *fill*         0x1008408a        0x2 
 .text.GUI_SignalEvent
                0x1008408c       0x14 Generated_Source\PSoC6\pdl\middleware\emWin\libs\GCC\libemWin_nosnts_gcc.a(GUI_WaitEvent.o)
                0x1008408c                GUI_SignalEvent
 .text.LCD_Index2Color_M565
                0x100840a0       0x2c Generated_Source\PSoC6\pdl\middleware\emWin\libs\GCC\libemWin_nosnts_gcc.a(GUICC_M565.o)
                0x100840a0                LCD_Index2Color_M565
 .text._Color2Index_M565
                0x100840cc       0x2c Generated_Source\PSoC6\pdl\middleware\emWin\libs\GCC\libemWin_nosnts_gcc.a(GUICC_M565.o)
 .text._GetIndexMask_M565
                0x100840f8        0x8 Generated_Source\PSoC6\pdl\middleware\emWin\libs\GCC\libemWin_nosnts_gcc.a(GUICC_M565.o)
 .text._Color2IndexBulk
                0x10084100       0x50 Generated_Source\PSoC6\pdl\middleware\emWin\libs\GCC\libemWin_nosnts_gcc.a(GUICC_M565.o)
 .text._Index2ColorBulk
                0x10084150       0x60 Generated_Source\PSoC6\pdl\middleware\emWin\libs\GCC\libemWin_nosnts_gcc.a(GUICC_M565.o)
 .text._Log2PhysY_X1Y0S0
                0x100841b0        0x4 Generated_Source\PSoC6\pdl\middleware\emWin\libs\GCC\libemWin_nosnts_gcc.a(GUIDRV_FlexColor.o)
 .text._Log2PhysY_X1Y1S0
                0x100841b4        0x8 Generated_Source\PSoC6\pdl\middleware\emWin\libs\GCC\libemWin_nosnts_gcc.a(GUIDRV_FlexColor.o)
 .text._Log2PhysY_X1Y0S1
                0x100841bc        0x4 Generated_Source\PSoC6\pdl\middleware\emWin\libs\GCC\libemWin_nosnts_gcc.a(GUIDRV_FlexColor.o)
 .text._Log2PhysY_X1Y1S1
                0x100841c0        0x8 Generated_Source\PSoC6\pdl\middleware\emWin\libs\GCC\libemWin_nosnts_gcc.a(GUIDRV_FlexColor.o)
 .text._SetPixelIndex
                0x100841c8        0xc Generated_Source\PSoC6\pdl\middleware\emWin\libs\GCC\libemWin_nosnts_gcc.a(GUIDRV_FlexColor.o)
 .text._GetPixelIndex
                0x100841d4        0xc Generated_Source\PSoC6\pdl\middleware\emWin\libs\GCC\libemWin_nosnts_gcc.a(GUIDRV_FlexColor.o)
 .text._XorPixel
                0x100841e0       0x22 Generated_Source\PSoC6\pdl\middleware\emWin\libs\GCC\libemWin_nosnts_gcc.a(GUIDRV_FlexColor.o)
 .text._DrawHLine
                0x10084202        0xe Generated_Source\PSoC6\pdl\middleware\emWin\libs\GCC\libemWin_nosnts_gcc.a(GUIDRV_FlexColor.o)
 .text._DrawVLine
                0x10084210       0x10 Generated_Source\PSoC6\pdl\middleware\emWin\libs\GCC\libemWin_nosnts_gcc.a(GUIDRV_FlexColor.o)
 .text._FillRect
                0x10084220       0x10 Generated_Source\PSoC6\pdl\middleware\emWin\libs\GCC\libemWin_nosnts_gcc.a(GUIDRV_FlexColor.o)
 .text._DrawBitmap
                0x10084230       0x28 Generated_Source\PSoC6\pdl\middleware\emWin\libs\GCC\libemWin_nosnts_gcc.a(GUIDRV_FlexColor.o)
 .text._GetDevFunc_SetRect
                0x10084258        0x2 Generated_Source\PSoC6\pdl\middleware\emWin\libs\GCC\libemWin_nosnts_gcc.a(GUIDRV_FlexColor.o)
 *fill*         0x1008425a        0x2 
 .text._GetDevFunc_SetRectOutside
                0x1008425c       0x40 Generated_Source\PSoC6\pdl\middleware\emWin\libs\GCC\libemWin_nosnts_gcc.a(GUIDRV_FlexColor.o)
 .text._ReadPixelCust_16bpp
                0x1008429c        0xe Generated_Source\PSoC6\pdl\middleware\emWin\libs\GCC\libemWin_nosnts_gcc.a(GUIDRV_FlexColor.o)
 .text._ReadPixelCust_18bpp
                0x100842aa        0xe Generated_Source\PSoC6\pdl\middleware\emWin\libs\GCC\libemWin_nosnts_gcc.a(GUIDRV_FlexColor.o)
 .text._ReadRectCust_16bpp
                0x100842b8       0x3e Generated_Source\PSoC6\pdl\middleware\emWin\libs\GCC\libemWin_nosnts_gcc.a(GUIDRV_FlexColor.o)
 .text._ReadRectCust_18bpp
                0x100842f6       0x3e Generated_Source\PSoC6\pdl\middleware\emWin\libs\GCC\libemWin_nosnts_gcc.a(GUIDRV_FlexColor.o)
 .text._GetDevFunc
                0x10084334       0x80 Generated_Source\PSoC6\pdl\middleware\emWin\libs\GCC\libemWin_nosnts_gcc.a(GUIDRV_FlexColor.o)
 .text._GetDevProp
                0x100843b4       0x60 Generated_Source\PSoC6\pdl\middleware\emWin\libs\GCC\libemWin_nosnts_gcc.a(GUIDRV_FlexColor.o)
 .text._GetDevData
                0x10084414        0xc Generated_Source\PSoC6\pdl\middleware\emWin\libs\GCC\libemWin_nosnts_gcc.a(GUIDRV_FlexColor.o)
 .text._GetRect
                0x10084420       0x16 Generated_Source\PSoC6\pdl\middleware\emWin\libs\GCC\libemWin_nosnts_gcc.a(GUIDRV_FlexColor.o)
 *fill*         0x10084436        0x2 
 .text.GUIDRV_FlexColor__SetLog2Phys
                0x10084438       0x40 Generated_Source\PSoC6\pdl\middleware\emWin\libs\GCC\libemWin_nosnts_gcc.a(GUIDRV_FlexColor.o)
                0x10084438                GUIDRV_FlexColor__SetLog2Phys
 .text._SetOrg  0x10084478       0x22 Generated_Source\PSoC6\pdl\middleware\emWin\libs\GCC\libemWin_nosnts_gcc.a(GUIDRV_FlexColor.o)
 .text._Log2PhysY_X0Y0S1
                0x1008449a        0x4 Generated_Source\PSoC6\pdl\middleware\emWin\libs\GCC\libemWin_nosnts_gcc.a(GUIDRV_FlexColor.o)
 .text._Log2PhysX_X0Y0S0
                0x1008449e        0x4 Generated_Source\PSoC6\pdl\middleware\emWin\libs\GCC\libemWin_nosnts_gcc.a(GUIDRV_FlexColor.o)
 .text._Log2PhysX_X0Y1S0
                0x100844a2        0x4 Generated_Source\PSoC6\pdl\middleware\emWin\libs\GCC\libemWin_nosnts_gcc.a(GUIDRV_FlexColor.o)
 .text._Log2PhysX_X0Y0S1
                0x100844a6        0x4 Generated_Source\PSoC6\pdl\middleware\emWin\libs\GCC\libemWin_nosnts_gcc.a(GUIDRV_FlexColor.o)
 .text._Log2PhysX_X0Y1S1
                0x100844aa        0x4 Generated_Source\PSoC6\pdl\middleware\emWin\libs\GCC\libemWin_nosnts_gcc.a(GUIDRV_FlexColor.o)
 .text._Log2PhysY_X0Y0S0
                0x100844ae        0x4 Generated_Source\PSoC6\pdl\middleware\emWin\libs\GCC\libemWin_nosnts_gcc.a(GUIDRV_FlexColor.o)
 .text._Log2PhysY_X0Y1S0
                0x100844b2        0x8 Generated_Source\PSoC6\pdl\middleware\emWin\libs\GCC\libemWin_nosnts_gcc.a(GUIDRV_FlexColor.o)
 .text._Log2PhysX_X1Y0S0
                0x100844ba        0x8 Generated_Source\PSoC6\pdl\middleware\emWin\libs\GCC\libemWin_nosnts_gcc.a(GUIDRV_FlexColor.o)
 .text._Log2PhysX_X1Y1S0
                0x100844c2        0x8 Generated_Source\PSoC6\pdl\middleware\emWin\libs\GCC\libemWin_nosnts_gcc.a(GUIDRV_FlexColor.o)
 .text._Log2PhysX_X1Y0S1
                0x100844ca        0x8 Generated_Source\PSoC6\pdl\middleware\emWin\libs\GCC\libemWin_nosnts_gcc.a(GUIDRV_FlexColor.o)
 .text._Log2PhysX_X1Y1S1
                0x100844d2        0x8 Generated_Source\PSoC6\pdl\middleware\emWin\libs\GCC\libemWin_nosnts_gcc.a(GUIDRV_FlexColor.o)
 .text._Log2PhysY_X0Y1S1
                0x100844da        0x8 Generated_Source\PSoC6\pdl\middleware\emWin\libs\GCC\libemWin_nosnts_gcc.a(GUIDRV_FlexColor.o)
 .text.GUIDRV_FlexColor__SetPixelIndexNoCache
                0x100844e2       0x98 Generated_Source\PSoC6\pdl\middleware\emWin\libs\GCC\libemWin_nosnts_gcc.a(GUIDRV_FlexColor.o)
                0x100844e2                GUIDRV_FlexColor__SetPixelIndexNoCache
 .text.GUIDRV_FlexColor__GetPixelIndexNoCache
                0x1008457a       0xd2 Generated_Source\PSoC6\pdl\middleware\emWin\libs\GCC\libemWin_nosnts_gcc.a(GUIDRV_FlexColor.o)
                0x1008457a                GUIDRV_FlexColor__GetPixelIndexNoCache
 .text.GUIDRV_FlexColor__InitOnce
                0x1008464c       0x3c Generated_Source\PSoC6\pdl\middleware\emWin\libs\GCC\libemWin_nosnts_gcc.a(GUIDRV_FlexColor.o)
                0x1008464c                GUIDRV_FlexColor__InitOnce
 .text._SetDevFunc
                0x10084688       0x9c Generated_Source\PSoC6\pdl\middleware\emWin\libs\GCC\libemWin_nosnts_gcc.a(GUIDRV_FlexColor.o)
 .text._GetDevFunc_Init
                0x10084724       0x56 Generated_Source\PSoC6\pdl\middleware\emWin\libs\GCC\libemWin_nosnts_gcc.a(GUIDRV_FlexColor.o)
 .text._GetDevFunc_SetSize
                0x1008477a       0x14 Generated_Source\PSoC6\pdl\middleware\emWin\libs\GCC\libemWin_nosnts_gcc.a(GUIDRV_FlexColor.o)
 .text._GetDevFunc_SetVSize
                0x1008478e       0x14 Generated_Source\PSoC6\pdl\middleware\emWin\libs\GCC\libemWin_nosnts_gcc.a(GUIDRV_FlexColor.o)
 .text._GetDevFunc_Off
                0x100847a2       0x14 Generated_Source\PSoC6\pdl\middleware\emWin\libs\GCC\libemWin_nosnts_gcc.a(GUIDRV_FlexColor.o)
 .text._GetDevFunc_On
                0x100847b6       0x14 Generated_Source\PSoC6\pdl\middleware\emWin\libs\GCC\libemWin_nosnts_gcc.a(GUIDRV_FlexColor.o)
 .text.GUIDRV_FlexColor_Config
                0x100847ca       0x40 Generated_Source\PSoC6\pdl\middleware\emWin\libs\GCC\libemWin_nosnts_gcc.a(GUIDRV_FlexColor.o)
                0x100847ca                GUIDRV_FlexColor_Config
 .text.GUIDRV_FlexColor_SetFunc
                0x1008480a       0x30 Generated_Source\PSoC6\pdl\middleware\emWin\libs\GCC\libemWin_nosnts_gcc.a(GUIDRV_FlexColor.o)
                0x1008480a                GUIDRV_FlexColor_SetFunc
 .text._WriteU16_A1
                0x1008483a       0x1c Generated_Source\PSoC6\pdl\middleware\emWin\libs\GCC\libemWin_nosnts_gcc.a(GUIDRV_FlexColor_16bpp_C0B8.o)
 .text._WriteDataMP
                0x10084856       0x4a Generated_Source\PSoC6\pdl\middleware\emWin\libs\GCC\libemWin_nosnts_gcc.a(GUIDRV_FlexColor_16bpp_C0B8.o)
 .text._ReadData
                0x100848a0        0xc Generated_Source\PSoC6\pdl\middleware\emWin\libs\GCC\libemWin_nosnts_gcc.a(GUIDRV_FlexColor_16bpp_C0B8.o)
 .text._WriteData
                0x100848ac        0xa Generated_Source\PSoC6\pdl\middleware\emWin\libs\GCC\libemWin_nosnts_gcc.a(GUIDRV_FlexColor_16bpp_C0B8.o)
 *fill*         0x100848b6        0x2 
 .text._FillRect
                0x100848b8      0x124 Generated_Source\PSoC6\pdl\middleware\emWin\libs\GCC\libemWin_nosnts_gcc.a(GUIDRV_FlexColor_16bpp_C0B8.o)
 .text._DrawBitmap
                0x100849dc      0x540 Generated_Source\PSoC6\pdl\middleware\emWin\libs\GCC\libemWin_nosnts_gcc.a(GUIDRV_FlexColor_16bpp_C0B8.o)
 .text.GUIDRV_FlexColor_SetMode16bppC0B8
                0x10084f1c       0x60 Generated_Source\PSoC6\pdl\middleware\emWin\libs\GCC\libemWin_nosnts_gcc.a(GUIDRV_FlexColor_16bpp_C0B8.o)
                0x10084f1c                GUIDRV_FlexColor_SetMode16bppC0B8
 .text._SetPhysRAMAddr
                0x10084f7c       0xac Generated_Source\PSoC6\pdl\middleware\emWin\libs\GCC\libemWin_nosnts_gcc.a(GUIDRV_FlexColor_Func66709.o)
 .text._SetRect
                0x10085028       0xa8 Generated_Source\PSoC6\pdl\middleware\emWin\libs\GCC\libemWin_nosnts_gcc.a(GUIDRV_FlexColor_Func66709.o)
 .text._SetOrientation
                0x100850d0       0x38 Generated_Source\PSoC6\pdl\middleware\emWin\libs\GCC\libemWin_nosnts_gcc.a(GUIDRV_FlexColor_Func66709.o)
 .text._ReadPixel_16bpp_B8
                0x10085108       0x32 Generated_Source\PSoC6\pdl\middleware\emWin\libs\GCC\libemWin_nosnts_gcc.a(GUIDRV_FlexColor_Func66709.o)
 .text._ReadPixel_16bpp_B16_I
                0x1008513a       0x3e Generated_Source\PSoC6\pdl\middleware\emWin\libs\GCC\libemWin_nosnts_gcc.a(GUIDRV_FlexColor_Func66709.o)
 .text._SetReg_B8
                0x10085178       0x16 Generated_Source\PSoC6\pdl\middleware\emWin\libs\GCC\libemWin_nosnts_gcc.a(GUIDRV_FlexColor_Func66709.o)
 .text._SetReg_B16
                0x1008518e        0xe Generated_Source\PSoC6\pdl\middleware\emWin\libs\GCC\libemWin_nosnts_gcc.a(GUIDRV_FlexColor_Func66709.o)
 .text._WritePara_B8
                0x1008519c        0xe Generated_Source\PSoC6\pdl\middleware\emWin\libs\GCC\libemWin_nosnts_gcc.a(GUIDRV_FlexColor_Func66709.o)
 .text._WritePara_B16
                0x100851aa        0xe Generated_Source\PSoC6\pdl\middleware\emWin\libs\GCC\libemWin_nosnts_gcc.a(GUIDRV_FlexColor_Func66709.o)
 .text._SetInterface
                0x100851b8       0x38 Generated_Source\PSoC6\pdl\middleware\emWin\libs\GCC\libemWin_nosnts_gcc.a(GUIDRV_FlexColor_Func66709.o)
 .text._ReadRect_16bpp_B8
                0x100851f0       0x5e Generated_Source\PSoC6\pdl\middleware\emWin\libs\GCC\libemWin_nosnts_gcc.a(GUIDRV_FlexColor_Func66709.o)
 .text._ReadRect_16bpp_B16_I
                0x1008524e       0x64 Generated_Source\PSoC6\pdl\middleware\emWin\libs\GCC\libemWin_nosnts_gcc.a(GUIDRV_FlexColor_Func66709.o)
 *fill*         0x100852b2        0x2 
 .text.GUIDRV_FlexColor_SetFunc66709
                0x100852b4       0x68 Generated_Source\PSoC6\pdl\middleware\emWin\libs\GCC\libemWin_nosnts_gcc.a(GUIDRV_FlexColor_Func66709.o)
                0x100852b4                GUIDRV_FlexColor_SetFunc66709
 .text._SetDrawMode
                0x1008531c       0x28 Generated_Source\PSoC6\pdl\middleware\emWin\libs\GCC\libemWin_nosnts_gcc.a(LCD.o)
 .text.LCD_SetDrawMode
                0x10085344       0x10 Generated_Source\PSoC6\pdl\middleware\emWin\libs\GCC\libemWin_nosnts_gcc.a(LCD.o)
                0x10085344                LCD_SetDrawMode
 .text.LCD_DrawPixel
                0x10085354       0x5c Generated_Source\PSoC6\pdl\middleware\emWin\libs\GCC\libemWin_nosnts_gcc.a(LCD.o)
                0x10085354                LCD_DrawPixel
 .text.LCD_DrawHLine
                0x100853b0       0x4c Generated_Source\PSoC6\pdl\middleware\emWin\libs\GCC\libemWin_nosnts_gcc.a(LCD.o)
                0x100853b0                LCD_DrawHLine
 .text.LCD_DrawVLine
                0x100853fc       0x4c Generated_Source\PSoC6\pdl\middleware\emWin\libs\GCC\libemWin_nosnts_gcc.a(LCD.o)
                0x100853fc                LCD_DrawVLine
 .text.LCD_FillRect
                0x10085448       0x54 Generated_Source\PSoC6\pdl\middleware\emWin\libs\GCC\libemWin_nosnts_gcc.a(LCD.o)
                0x10085448                LCD_FillRect
 .text.LCD__DrawBitmap_1bpp
                0x1008549c      0x1cc Generated_Source\PSoC6\pdl\middleware\emWin\libs\GCC\libemWin_nosnts_gcc.a(LCD.o)
                0x1008549c                LCD__DrawBitmap_1bpp
 .text.LCD_DrawBitmap
                0x10085668      0x20c Generated_Source\PSoC6\pdl\middleware\emWin\libs\GCC\libemWin_nosnts_gcc.a(LCD.o)
                0x10085668                LCD_DrawBitmap
 .text.LCD_SetClipRectMax
                0x10085874       0x20 Generated_Source\PSoC6\pdl\middleware\emWin\libs\GCC\libemWin_nosnts_gcc.a(LCD.o)
                0x10085874                LCD_SetClipRectMax
 .text.LCD_Init
                0x10085894       0x94 Generated_Source\PSoC6\pdl\middleware\emWin\libs\GCC\libemWin_nosnts_gcc.a(LCD.o)
                0x10085894                LCD_Init
 .text.LCD_Color2Index
                0x10085928       0x20 Generated_Source\PSoC6\pdl\middleware\emWin\libs\GCC\libemWin_nosnts_gcc.a(LCD.o)
                0x10085928                LCD_Color2Index
 .text.LCD_Index2Color
                0x10085948       0x20 Generated_Source\PSoC6\pdl\middleware\emWin\libs\GCC\libemWin_nosnts_gcc.a(LCD.o)
                0x10085948                LCD_Index2Color
 .text.LCD_SetColorIndex
                0x10085968       0x18 Generated_Source\PSoC6\pdl\middleware\emWin\libs\GCC\libemWin_nosnts_gcc.a(LCD.o)
                0x10085968                LCD_SetColorIndex
 .text._SetColor
                0x10085980       0x1c Generated_Source\PSoC6\pdl\middleware\emWin\libs\GCC\libemWin_nosnts_gcc.a(LCD.o)
 .text.LCD_SetBkColorIndex
                0x1008599c       0x18 Generated_Source\PSoC6\pdl\middleware\emWin\libs\GCC\libemWin_nosnts_gcc.a(LCD.o)
                0x1008599c                LCD_SetBkColorIndex
 .text._SetBkColor
                0x100859b4       0x1c Generated_Source\PSoC6\pdl\middleware\emWin\libs\GCC\libemWin_nosnts_gcc.a(LCD.o)
 .text.LCD_SetBkColor
                0x100859d0       0x10 Generated_Source\PSoC6\pdl\middleware\emWin\libs\GCC\libemWin_nosnts_gcc.a(LCD.o)
                0x100859d0                LCD_SetBkColor
 .text.LCD_SetColor
                0x100859e0       0x10 Generated_Source\PSoC6\pdl\middleware\emWin\libs\GCC\libemWin_nosnts_gcc.a(LCD.o)
                0x100859e0                LCD_SetColor
 .text._OnExit  0x100859f0       0x1c Generated_Source\PSoC6\pdl\middleware\emWin\libs\GCC\libemWin_nosnts_gcc.a(LCD_Color.o)
 .text.LCD_InitColors
                0x10085a0c       0x40 Generated_Source\PSoC6\pdl\middleware\emWin\libs\GCC\libemWin_nosnts_gcc.a(LCD_Color.o)
                0x10085a0c                LCD_InitColors
 .text.LCD_GetpPalConvTableUncached
                0x10085a4c       0x68 Generated_Source\PSoC6\pdl\middleware\emWin\libs\GCC\libemWin_nosnts_gcc.a(LCD_Color.o)
                0x10085a4c                LCD_GetpPalConvTableUncached
 .text.LCD_GetpPalConvTableBM
                0x10085ab4        0x8 Generated_Source\PSoC6\pdl\middleware\emWin\libs\GCC\libemWin_nosnts_gcc.a(LCD_Color.o)
                0x10085ab4                LCD_GetpPalConvTableBM
 .text.LCD_InitLUT
                0x10085abc       0x7c Generated_Source\PSoC6\pdl\middleware\emWin\libs\GCC\libemWin_nosnts_gcc.a(LCD_Color.o)
                0x10085abc                LCD_InitLUT
 .text.LCD_GetBkColorIndex
                0x10085b38       0x10 Generated_Source\PSoC6\pdl\middleware\emWin\libs\GCC\libemWin_nosnts_gcc.a(LCD_GetColorIndex.o)
                0x10085b38                LCD_GetBkColorIndex
 .text.LCD_GetColorIndex
                0x10085b48       0x10 Generated_Source\PSoC6\pdl\middleware\emWin\libs\GCC\libemWin_nosnts_gcc.a(LCD_GetColorIndex.o)
                0x10085b48                LCD_GetColorIndex
 .text._GetDevProp.part.0
                0x10085b58       0x16 Generated_Source\PSoC6\pdl\middleware\emWin\libs\GCC\libemWin_nosnts_gcc.a(LCD_GetEx.o)
 .text._GetDevProp
                0x10085b6e       0x12 Generated_Source\PSoC6\pdl\middleware\emWin\libs\GCC\libemWin_nosnts_gcc.a(LCD_GetEx.o)
 .text._GetMaxValue
                0x10085b80       0x12 Generated_Source\PSoC6\pdl\middleware\emWin\libs\GCC\libemWin_nosnts_gcc.a(LCD_GetEx.o)
 .text.LCD_GetXSizeEx
                0x10085b92        0xa Generated_Source\PSoC6\pdl\middleware\emWin\libs\GCC\libemWin_nosnts_gcc.a(LCD_GetEx.o)
                0x10085b92                LCD_GetXSizeEx
 .text.LCD_GetYSizeEx
                0x10085b9c        0xa Generated_Source\PSoC6\pdl\middleware\emWin\libs\GCC\libemWin_nosnts_gcc.a(LCD_GetEx.o)
                0x10085b9c                LCD_GetYSizeEx
 .text.LCD_GetVXSizeEx
                0x10085ba6        0xa Generated_Source\PSoC6\pdl\middleware\emWin\libs\GCC\libemWin_nosnts_gcc.a(LCD_GetEx.o)
                0x10085ba6                LCD_GetVXSizeEx
 .text.LCD_GetVYSizeEx
                0x10085bb0        0xa Generated_Source\PSoC6\pdl\middleware\emWin\libs\GCC\libemWin_nosnts_gcc.a(LCD_GetEx.o)
                0x10085bb0                LCD_GetVYSizeEx
 .text.LCD_GetBitsPerPixelEx
                0x10085bba        0xa Generated_Source\PSoC6\pdl\middleware\emWin\libs\GCC\libemWin_nosnts_gcc.a(LCD_GetEx.o)
                0x10085bba                LCD_GetBitsPerPixelEx
 .text.LCD_GetNumColorsEx
                0x10085bc4        0xa Generated_Source\PSoC6\pdl\middleware\emWin\libs\GCC\libemWin_nosnts_gcc.a(LCD_GetEx.o)
                0x10085bc4                LCD_GetNumColorsEx
 *fill*         0x10085bce        0x2 
 .text.LCD_GetXSize
                0x10085bd0       0x14 Generated_Source\PSoC6\pdl\middleware\emWin\libs\GCC\libemWin_nosnts_gcc.a(LCD_GetEx.o)
                0x10085bd0                LCD_GetXSize
 .text.LCD_GetYSize
                0x10085be4       0x14 Generated_Source\PSoC6\pdl\middleware\emWin\libs\GCC\libemWin_nosnts_gcc.a(LCD_GetEx.o)
                0x10085be4                LCD_GetYSize
 .text.LCD_GetNumColors
                0x10085bf8       0x14 Generated_Source\PSoC6\pdl\middleware\emWin\libs\GCC\libemWin_nosnts_gcc.a(LCD_GetEx.o)
                0x10085bf8                LCD_GetNumColors
 .text.GUI_GetBitsPerPixelEx
                0x10085c0c       0x18 Generated_Source\PSoC6\pdl\middleware\emWin\libs\GCC\libemWin_nosnts_gcc.a(LCD_GetEx.o)
                0x10085c0c                GUI_GetBitsPerPixelEx
 .text.LCD_GetPaletteEx
                0x10085c24       0x14 Generated_Source\PSoC6\pdl\middleware\emWin\libs\GCC\libemWin_nosnts_gcc.a(LCD_GetEx.o)
                0x10085c24                LCD_GetPaletteEx
 .text.LCD_GetPalette
                0x10085c38       0x14 Generated_Source\PSoC6\pdl\middleware\emWin\libs\GCC\libemWin_nosnts_gcc.a(LCD_GetEx.o)
                0x10085c38                LCD_GetPalette
 .text.GUI_GetpfIndex2ColorEx
                0x10085c4c       0x10 Generated_Source\PSoC6\pdl\middleware\emWin\libs\GCC\libemWin_nosnts_gcc.a(LCD_GetEx.o)
                0x10085c4c                GUI_GetpfIndex2ColorEx
 .text.GUI_GetpfColor2IndexEx
                0x10085c5c       0x10 Generated_Source\PSoC6\pdl\middleware\emWin\libs\GCC\libemWin_nosnts_gcc.a(LCD_GetEx.o)
                0x10085c5c                GUI_GetpfColor2IndexEx
 .text.LCD_GetXSizeMax
                0x10085c6c        0xa Generated_Source\PSoC6\pdl\middleware\emWin\libs\GCC\libemWin_nosnts_gcc.a(LCD_GetEx.o)
                0x10085c6c                LCD_GetXSizeMax
 .text.LCD_GetYSizeMax
                0x10085c76        0xa Generated_Source\PSoC6\pdl\middleware\emWin\libs\GCC\libemWin_nosnts_gcc.a(LCD_GetEx.o)
                0x10085c76                LCD_GetYSizeMax
 .text.LCD_GetVXSizeMax
                0x10085c80        0xa Generated_Source\PSoC6\pdl\middleware\emWin\libs\GCC\libemWin_nosnts_gcc.a(LCD_GetEx.o)
                0x10085c80                LCD_GetVXSizeMax
 *fill*         0x10085c8a        0x2 
 .text.LCD_SetDisplaySize
                0x10085c8c        0xc Generated_Source\PSoC6\pdl\middleware\emWin\libs\GCC\libemWin_nosnts_gcc.a(LCD_GetEx.o)
                0x10085c8c                LCD_SetDisplaySize
 .text.LCD_GetXSizeDisplay
                0x10085c98        0xc Generated_Source\PSoC6\pdl\middleware\emWin\libs\GCC\libemWin_nosnts_gcc.a(LCD_GetEx.o)
                0x10085c98                LCD_GetXSizeDisplay
 .text.LCD_GetYSizeDisplay
                0x10085ca4        0xc Generated_Source\PSoC6\pdl\middleware\emWin\libs\GCC\libemWin_nosnts_gcc.a(LCD_GetEx.o)
                0x10085ca4                LCD_GetYSizeDisplay
 .text.LCD__GetBPP
                0x10085cb0       0x72 Generated_Source\PSoC6\pdl\middleware\emWin\libs\GCC\libemWin_nosnts_gcc.a(LCD_GetEx.o)
                0x10085cb0                LCD__GetBPP
 .text.LCD__GetBPPDevice
                0x10085d22       0x2a Generated_Source\PSoC6\pdl\middleware\emWin\libs\GCC\libemWin_nosnts_gcc.a(LCD_GetEx.o)
                0x10085d22                LCD__GetBPPDevice
 .text.LCD_GetNumLayers
                0x10085d4c        0xe Generated_Source\PSoC6\pdl\middleware\emWin\libs\GCC\libemWin_nosnts_gcc.a(LCD_GetNumDisplays.o)
                0x10085d4c                LCD_GetNumLayers
 *fill*         0x10085d5a        0x2 
 .text.LCD_SelectLCD
                0x10085d5c       0x44 Generated_Source\PSoC6\pdl\middleware\emWin\libs\GCC\libemWin_nosnts_gcc.a(LCD_SelectLCD.o)
                0x10085d5c                LCD_SelectLCD
 .text.LCD_SetLUTEntryEx
                0x10085da0       0x2e Generated_Source\PSoC6\pdl\middleware\emWin\libs\GCC\libemWin_nosnts_gcc.a(LCD_Set.o)
                0x10085da0                LCD_SetLUTEntryEx
 .text.LCD_SetSizeEx
                0x10085dce       0x2e Generated_Source\PSoC6\pdl\middleware\emWin\libs\GCC\libemWin_nosnts_gcc.a(LCD_Set.o)
                0x10085dce                LCD_SetSizeEx
 .text.LCD_SetVSizeEx
                0x10085dfc       0x2e Generated_Source\PSoC6\pdl\middleware\emWin\libs\GCC\libemWin_nosnts_gcc.a(LCD_Set.o)
                0x10085dfc                LCD_SetVSizeEx
 *fill*         0x10085e2a        0x2 
 .text.LCD_UpdateColorIndices
                0x10085e2c       0x24 Generated_Source\PSoC6\pdl\middleware\emWin\libs\GCC\libemWin_nosnts_gcc.a(LCD_UpdateColorIndices.o)
                0x10085e2c                LCD_UpdateColorIndices
 .text._OnExit  0x10085e50       0x88 Generated_Source\PSoC6\pdl\middleware\emWin\libs\GCC\libemWin_nosnts_gcc.a(WM.o)
 .text._Paint1  0x10085ed8       0x20 Generated_Source\PSoC6\pdl\middleware\emWin\libs\GCC\libemWin_nosnts_gcc.a(WM.o)
 .text._Findy1  0x10085ef8       0xb4 Generated_Source\PSoC6\pdl\middleware\emWin\libs\GCC\libemWin_nosnts_gcc.a(WM.o)
 .text._Findx0  0x10085fac       0x8a Generated_Source\PSoC6\pdl\middleware\emWin\libs\GCC\libemWin_nosnts_gcc.a(WM.o)
 .text._Findx1  0x10086036       0x7c Generated_Source\PSoC6\pdl\middleware\emWin\libs\GCC\libemWin_nosnts_gcc.a(WM.o)
 *fill*         0x100860b2        0x2 
 .text._Paint1Trans
                0x100860b4       0x90 Generated_Source\PSoC6\pdl\middleware\emWin\libs\GCC\libemWin_nosnts_gcc.a(WM.o)
 .text._PaintTransChildren
                0x10086144       0xb8 Generated_Source\PSoC6\pdl\middleware\emWin\libs\GCC\libemWin_nosnts_gcc.a(WM.o)
 .text.WM__PaintWinAndOverlays
                0x100861fc       0x7c Generated_Source\PSoC6\pdl\middleware\emWin\libs\GCC\libemWin_nosnts_gcc.a(WM.o)
 .text._cbPaintMemDev
                0x10086278       0x64 Generated_Source\PSoC6\pdl\middleware\emWin\libs\GCC\libemWin_nosnts_gcc.a(WM.o)
 .text.WM__ClipAtParentBorders
                0x100862dc       0x54 Generated_Source\PSoC6\pdl\middleware\emWin\libs\GCC\libemWin_nosnts_gcc.a(WM.o)
                0x100862dc                WM__ClipAtParentBorders
 .text.WM__InsertWindowIntoList
                0x10086330       0xaa Generated_Source\PSoC6\pdl\middleware\emWin\libs\GCC\libemWin_nosnts_gcc.a(WM.o)
                0x10086330                WM__InsertWindowIntoList
 .text.WM__RemoveWindowFromList
                0x100863da       0x3e Generated_Source\PSoC6\pdl\middleware\emWin\libs\GCC\libemWin_nosnts_gcc.a(WM.o)
                0x100863da                WM__RemoveWindowFromList
 .text.WM__Client2Screen
                0x10086418       0x14 Generated_Source\PSoC6\pdl\middleware\emWin\libs\GCC\libemWin_nosnts_gcc.a(WM.o)
                0x10086418                WM__Client2Screen
 .text._SetClipRectUserIntersect
                0x1008642c       0x50 Generated_Source\PSoC6\pdl\middleware\emWin\libs\GCC\libemWin_nosnts_gcc.a(WM.o)
 .text.WM__ActivateClipRect
                0x1008647c       0x50 Generated_Source\PSoC6\pdl\middleware\emWin\libs\GCC\libemWin_nosnts_gcc.a(WM.o)
                0x1008647c                WM__ActivateClipRect
 .text.WM__IsWindow
                0x100864cc       0x20 Generated_Source\PSoC6\pdl\middleware\emWin\libs\GCC\libemWin_nosnts_gcc.a(WM.o)
                0x100864cc                WM__IsWindow
 .text.WM__InvalidateDrawAndDescs
                0x100864ec       0x54 Generated_Source\PSoC6\pdl\middleware\emWin\libs\GCC\libemWin_nosnts_gcc.a(WM.o)
                0x100864ec                WM__InvalidateDrawAndDescs
 .text.WM__RectIsNZ
                0x10086540       0x22 Generated_Source\PSoC6\pdl\middleware\emWin\libs\GCC\libemWin_nosnts_gcc.a(WM.o)
                0x10086540                WM__RectIsNZ
 *fill*         0x10086562        0x2 
 .text._Invalidate1Abs
                0x10086564       0x88 Generated_Source\PSoC6\pdl\middleware\emWin\libs\GCC\libemWin_nosnts_gcc.a(WM.o)
 .text.WM__Invalidate1Abs
                0x100865ec        0xa Generated_Source\PSoC6\pdl\middleware\emWin\libs\GCC\libemWin_nosnts_gcc.a(WM.o)
                0x100865ec                WM__Invalidate1Abs
 .text.WM_InvalidateWindowAndDescsEx
                0x100865f6       0x60 Generated_Source\PSoC6\pdl\middleware\emWin\libs\GCC\libemWin_nosnts_gcc.a(WM.o)
                0x100865f6                WM_InvalidateWindowAndDescsEx
 *fill*         0x10086656        0x2 
 .text.WM__InvalidateRect
                0x10086658       0x80 Generated_Source\PSoC6\pdl\middleware\emWin\libs\GCC\libemWin_nosnts_gcc.a(WM.o)
                0x10086658                WM__InvalidateRect
 .text.WM__InvalidateParent
                0x100866d8       0x28 Generated_Source\PSoC6\pdl\middleware\emWin\libs\GCC\libemWin_nosnts_gcc.a(WM.o)
                0x100866d8                WM__InvalidateParent
 .text.WM__InvalidateRectEx
                0x10086700        0xa Generated_Source\PSoC6\pdl\middleware\emWin\libs\GCC\libemWin_nosnts_gcc.a(WM.o)
                0x10086700                WM__InvalidateRectEx
 .text.WM__DetachWindow
                0x1008670a       0x2a Generated_Source\PSoC6\pdl\middleware\emWin\libs\GCC\libemWin_nosnts_gcc.a(WM.o)
                0x1008670a                WM__DetachWindow
 .text.WM__SendMsgNoData
                0x10086734       0x10 Generated_Source\PSoC6\pdl\middleware\emWin\libs\GCC\libemWin_nosnts_gcc.a(WM.o)
                0x10086734                WM__SendMsgNoData
 .text.WM__GetClientRectWin
                0x10086744       0x18 Generated_Source\PSoC6\pdl\middleware\emWin\libs\GCC\libemWin_nosnts_gcc.a(WM.o)
                0x10086744                WM__GetClientRectWin
 .text.WM_InvalidateRect
                0x1008675c       0x80 Generated_Source\PSoC6\pdl\middleware\emWin\libs\GCC\libemWin_nosnts_gcc.a(WM.o)
                0x1008675c                WM_InvalidateRect
 .text.WM_InvalidateWindow
                0x100867dc        0xa Generated_Source\PSoC6\pdl\middleware\emWin\libs\GCC\libemWin_nosnts_gcc.a(WM.o)
                0x100867dc                WM_InvalidateWindow
 *fill*         0x100867e6        0x2 
 .text.WM_SelectWindow
                0x100867e8       0x38 Generated_Source\PSoC6\pdl\middleware\emWin\libs\GCC\libemWin_nosnts_gcc.a(WM.o)
                0x100867e8                WM_SelectWindow
 .text.WM_CreateWindowAsChild
                0x10086820      0x144 Generated_Source\PSoC6\pdl\middleware\emWin\libs\GCC\libemWin_nosnts_gcc.a(WM.o)
                0x10086820                WM_CreateWindowAsChild
 .text.WM_CreateWindow
                0x10086964       0x1a Generated_Source\PSoC6\pdl\middleware\emWin\libs\GCC\libemWin_nosnts_gcc.a(WM.o)
                0x10086964                WM_CreateWindow
 *fill*         0x1008697e        0x2 
 .text.WM_DeleteWindow
                0x10086980       0xf8 Generated_Source\PSoC6\pdl\middleware\emWin\libs\GCC\libemWin_nosnts_gcc.a(WM.o)
                0x10086980                WM_DeleteWindow
 .text._Exec1Input
                0x10086a78       0x8c Generated_Source\PSoC6\pdl\middleware\emWin\libs\GCC\libemWin_nosnts_gcc.a(WM.o)
 .text.WM__GetNextIVR
                0x10086b04      0x160 Generated_Source\PSoC6\pdl\middleware\emWin\libs\GCC\libemWin_nosnts_gcc.a(WM.o)
                0x10086b04                WM__GetNextIVR
 .text.WM__InitIVRSearch
                0x10086c64      0x100 Generated_Source\PSoC6\pdl\middleware\emWin\libs\GCC\libemWin_nosnts_gcc.a(WM.o)
                0x10086c64                WM__InitIVRSearch
 .text.WM_SetDefault
                0x10086d64       0x14 Generated_Source\PSoC6\pdl\middleware\emWin\libs\GCC\libemWin_nosnts_gcc.a(WM.o)
                0x10086d64                WM_SetDefault
 .text.WM__Paint1
                0x10086d78       0x90 Generated_Source\PSoC6\pdl\middleware\emWin\libs\GCC\libemWin_nosnts_gcc.a(WM.o)
                0x10086d78                WM__Paint1
 .text.WM__Paint
                0x10086e08       0xa8 Generated_Source\PSoC6\pdl\middleware\emWin\libs\GCC\libemWin_nosnts_gcc.a(WM.o)
                0x10086e08                WM__Paint
 .text._Exec1Draw
                0x10086eb0       0x88 Generated_Source\PSoC6\pdl\middleware\emWin\libs\GCC\libemWin_nosnts_gcc.a(WM.o)
 .text.WM_Exec  0x10086f38       0x80 Generated_Source\PSoC6\pdl\middleware\emWin\libs\GCC\libemWin_nosnts_gcc.a(WM.o)
                0x10086f38                WM_Exec
 .text.WM_Activate
                0x10086fb8       0x10 Generated_Source\PSoC6\pdl\middleware\emWin\libs\GCC\libemWin_nosnts_gcc.a(WM.o)
                0x10086fb8                WM_Activate
 .text.WM_Deactivate
                0x10086fc8       0x18 Generated_Source\PSoC6\pdl\middleware\emWin\libs\GCC\libemWin_nosnts_gcc.a(WM.o)
                0x10086fc8                WM_Deactivate
 .text.WM_DefaultProc
                0x10086fe0       0x48 Generated_Source\PSoC6\pdl\middleware\emWin\libs\GCC\libemWin_nosnts_gcc.a(WM.o)
                0x10086fe0                WM_DefaultProc
 .text._cbBackWin
                0x10087028       0x44 Generated_Source\PSoC6\pdl\middleware\emWin\libs\GCC\libemWin_nosnts_gcc.a(WM.o)
 .text.WM_Init  0x1008706c       0xa4 Generated_Source\PSoC6\pdl\middleware\emWin\libs\GCC\libemWin_nosnts_gcc.a(WM.o)
                0x1008706c                WM_Init
 .text.WM__GetFirstSibling
                0x10087110       0x16 Generated_Source\PSoC6\pdl\middleware\emWin\libs\GCC\libemWin_nosnts_gcc.a(WM__Private.o)
                0x10087110                WM__GetFirstSibling
 .text.WM__GetPrevSibling
                0x10087126       0x28 Generated_Source\PSoC6\pdl\middleware\emWin\libs\GCC\libemWin_nosnts_gcc.a(WM__Private.o)
                0x10087126                WM__GetPrevSibling
 *fill*         0x1008714e        0x2 
 .text.WM__SendMessage
                0x10087150       0x38 Generated_Source\PSoC6\pdl\middleware\emWin\libs\GCC\libemWin_nosnts_gcc.a(WM__Private.o)
                0x10087150                WM__SendMessage
 .text.WM__SendMessageNoPara
                0x10087188       0x2a Generated_Source\PSoC6\pdl\middleware\emWin\libs\GCC\libemWin_nosnts_gcc.a(WM__Private.o)
                0x10087188                WM__SendMessageNoPara
 .text.WM__UpdateChildPositions
                0x100871b2       0xf0 Generated_Source\PSoC6\pdl\middleware\emWin\libs\GCC\libemWin_nosnts_gcc.a(WM__Private.o)
                0x100871b2                WM__UpdateChildPositions
 *fill*         0x100872a2        0x2 
 .text.WM__AddCriticalHandle
                0x100872a4       0x10 Generated_Source\PSoC6\pdl\middleware\emWin\libs\GCC\libemWin_nosnts_gcc.a(WM__Private.o)
                0x100872a4                WM__AddCriticalHandle
 .text.WM__GetClientRectEx
                0x100872b4       0x20 Generated_Source\PSoC6\pdl\middleware\emWin\libs\GCC\libemWin_nosnts_gcc.a(WM__Private.o)
                0x100872b4                WM__GetClientRectEx
 .text.WM_GetDesktopWindow
                0x100872d4        0xc Generated_Source\PSoC6\pdl\middleware\emWin\libs\GCC\libemWin_nosnts_gcc.a(WM_Lib.o)
                0x100872d4                WM_GetDesktopWindow
 .text.WM_GetFirstChild
                0x100872e0        0xe Generated_Source\PSoC6\pdl\middleware\emWin\libs\GCC\libemWin_nosnts_gcc.a(WM_Lib.o)
                0x100872e0                WM_GetFirstChild
 .text.WM_GetWindowOrgX
                0x100872ee       0x14 Generated_Source\PSoC6\pdl\middleware\emWin\libs\GCC\libemWin_nosnts_gcc.a(WM_Lib.o)
                0x100872ee                WM_GetWindowOrgX
 .text.WM_GetParent
                0x10087302        0xe Generated_Source\PSoC6\pdl\middleware\emWin\libs\GCC\libemWin_nosnts_gcc.a(WM_Lib.o)
                0x10087302                WM_GetParent
 .text.WM_BringToBottom
                0x10087310       0x80 Generated_Source\PSoC6\pdl\middleware\emWin\libs\GCC\libemWin_nosnts_gcc.a(WM_Lib.o)
                0x10087310                WM_BringToBottom
 .text.WM_OnKey
                0x10087390       0x2c Generated_Source\PSoC6\pdl\middleware\emWin\libs\GCC\libemWin_nosnts_gcc.a(WM_Lib.o)
                0x10087390                WM_OnKey
 .text.WM_ResizeWindow
                0x100873bc       0xfc Generated_Source\PSoC6\pdl\middleware\emWin\libs\GCC\libemWin_nosnts_gcc.a(WM_Lib.o)
                0x100873bc                WM_ResizeWindow
 .text.WM_SendMessageNoPara
                0x100874b8        0x8 Generated_Source\PSoC6\pdl\middleware\emWin\libs\GCC\libemWin_nosnts_gcc.a(WM_Lib.o)
                0x100874b8                WM_SendMessageNoPara
 .text.WM_SendToParent
                0x100874c0       0x1a Generated_Source\PSoC6\pdl\middleware\emWin\libs\GCC\libemWin_nosnts_gcc.a(WM_Lib.o)
                0x100874c0                WM_SendToParent
 .text.WM_NotifyParent
                0x100874da       0x12 Generated_Source\PSoC6\pdl\middleware\emWin\libs\GCC\libemWin_nosnts_gcc.a(WM_Lib.o)
                0x100874da                WM_NotifyParent
 .text.WM_SetSize
                0x100874ec       0x40 Generated_Source\PSoC6\pdl\middleware\emWin\libs\GCC\libemWin_nosnts_gcc.a(WM_Lib.o)
                0x100874ec                WM_SetSize
 .text._MoveDescendents
                0x1008752c       0x68 Generated_Source\PSoC6\pdl\middleware\emWin\libs\GCC\libemWin_nosnts_gcc.a(WM_Move.o)
 .text.WM__MoveWindow
                0x10087594       0x9c Generated_Source\PSoC6\pdl\middleware\emWin\libs\GCC\libemWin_nosnts_gcc.a(WM_Move.o)
                0x10087594                WM__MoveWindow
 .text.WM_MoveWindow
                0x10087630        0x8 Generated_Source\PSoC6\pdl\middleware\emWin\libs\GCC\libemWin_nosnts_gcc.a(WM_Move.o)
                0x10087630                WM_MoveWindow
 .text.WM_DeleteTimer
                0x10087638       0x20 Generated_Source\PSoC6\pdl\middleware\emWin\libs\GCC\libemWin_nosnts_gcc.a(WM_Timer.o)
                0x10087638                WM_DeleteTimer
 .text.WM__DeleteAssocTimer
                0x10087658       0x4e Generated_Source\PSoC6\pdl\middleware\emWin\libs\GCC\libemWin_nosnts_gcc.a(WM_Timer.o)
                0x10087658                WM__DeleteAssocTimer
 *fill*         0x100876a6        0x2 
 .text.GUI__MixColorsBulk
                0x100876a8       0x90 Generated_Source\PSoC6\pdl\middleware\emWin\libs\GCC\libemWin_nosnts_gcc.a(GUI__Alpha.o)
                0x100876a8                GUI__MixColorsBulk
 .text.GUI__MixColors
                0x10087738       0x60 Generated_Source\PSoC6\pdl\middleware\emWin\libs\GCC\libemWin_nosnts_gcc.a(GUI__Alpha.o)
                0x10087738                GUI__MixColors
 .text._OnExit  0x10087798       0x28 Generated_Source\PSoC6\pdl\middleware\emWin\libs\GCC\libemWin_nosnts_gcc.a(GUI__Alpha.o)
 .text.GUI__GetAlphaBuffer
                0x100877c0       0xb4 Generated_Source\PSoC6\pdl\middleware\emWin\libs\GCC\libemWin_nosnts_gcc.a(GUI__Alpha.o)
                0x100877c0                GUI__GetAlphaBuffer
 .text.GUI__DoAlphaBlending
                0x10087874      0x1c8 Generated_Source\PSoC6\pdl\middleware\emWin\libs\GCC\libemWin_nosnts_gcc.a(GUI__Alpha.o)
                0x10087874                GUI__DoAlphaBlending
 .text.GUI__AllocAlphaBuffer
                0x10087a3c       0x1a Generated_Source\PSoC6\pdl\middleware\emWin\libs\GCC\libemWin_nosnts_gcc.a(GUI__Alpha.o)
                0x10087a3c                GUI__AllocAlphaBuffer
 *fill*         0x10087a56        0x2 
 .text.GUI__ExpandPixelIndicesEx
                0x10087a58      0x18c Generated_Source\PSoC6\pdl\middleware\emWin\libs\GCC\libemWin_nosnts_gcc.a(GUI__ExpandPixelIndices.o)
                0x10087a58                GUI__ExpandPixelIndicesEx
 .text.GUI__ManageCacheEx
                0x10087be4       0xe0 Generated_Source\PSoC6\pdl\middleware\emWin\libs\GCC\libemWin_nosnts_gcc.a(GUI__ManageCache.o)
                0x10087be4                GUI__ManageCacheEx
 .text.GUI__ManageCache
                0x10087cc4       0x14 Generated_Source\PSoC6\pdl\middleware\emWin\libs\GCC\libemWin_nosnts_gcc.a(GUI__ManageCache.o)
                0x10087cc4                GUI__ManageCache
 .text.GUI__IntersectRect
                0x10087cd8       0x3c Generated_Source\PSoC6\pdl\middleware\emWin\libs\GCC\libemWin_nosnts_gcc.a(GUI__Private.o)
                0x10087cd8                GUI__IntersectRect
 .text.GUI__IntersectRects
                0x10087d14       0x68 Generated_Source\PSoC6\pdl\middleware\emWin\libs\GCC\libemWin_nosnts_gcc.a(GUI__Private.o)
                0x10087d14                GUI__IntersectRects
 .text.GUI__memset16
                0x10087d7c       0x5a Generated_Source\PSoC6\pdl\middleware\emWin\libs\GCC\libemWin_nosnts_gcc.a(GUI__Private.o)
                0x10087d7c                GUI__memset16
 *fill*         0x10087dd6        0x2 
 .text.GUI_GetYAdjust
                0x10087dd8       0x2c Generated_Source\PSoC6\pdl\middleware\emWin\libs\GCC\libemWin_nosnts_gcc.a(GUI_Char.o)
                0x10087dd8                GUI_GetYAdjust
 .text.GUI_GetFontDistY
                0x10087e04       0x10 Generated_Source\PSoC6\pdl\middleware\emWin\libs\GCC\libemWin_nosnts_gcc.a(GUI_Char.o)
                0x10087e04                GUI_GetFontDistY
 .text.GUI_GetCharDistX
                0x10087e14       0x14 Generated_Source\PSoC6\pdl\middleware\emWin\libs\GCC\libemWin_nosnts_gcc.a(GUI_Char.o)
                0x10087e14                GUI_GetCharDistX
 .text.GUI_GetCharDistXEx
                0x10087e28       0x14 Generated_Source\PSoC6\pdl\middleware\emWin\libs\GCC\libemWin_nosnts_gcc.a(GUI_Char.o)
                0x10087e28                GUI_GetCharDistXEx
 .text._Log2VisBuffered
                0x10087e3c        0x2 Generated_Source\PSoC6\pdl\middleware\emWin\libs\GCC\libemWin_nosnts_gcc.a(GUI_CharLine.o)
 *fill*         0x10087e3e        0x2 
 .text._DispLine
                0x10087e40       0x9c Generated_Source\PSoC6\pdl\middleware\emWin\libs\GCC\libemWin_nosnts_gcc.a(GUI_CharLine.o)
 .text.GUI__GetLineNumChars
                0x10087edc       0x3c Generated_Source\PSoC6\pdl\middleware\emWin\libs\GCC\libemWin_nosnts_gcc.a(GUI_CharLine.o)
                0x10087edc                GUI__GetLineNumChars
 .text.GUI__GetOverlap
                0x10087f18       0x18 Generated_Source\PSoC6\pdl\middleware\emWin\libs\GCC\libemWin_nosnts_gcc.a(GUI_CharLine.o)
                0x10087f18                GUI__GetOverlap
 .text.GUI__GetLineDistX
                0x10087f30       0x5c Generated_Source\PSoC6\pdl\middleware\emWin\libs\GCC\libemWin_nosnts_gcc.a(GUI_CharLine.o)
                0x10087f30                GUI__GetLineDistX
 .text.GUI__DispLine
                0x10087f8c       0x9c Generated_Source\PSoC6\pdl\middleware\emWin\libs\GCC\libemWin_nosnts_gcc.a(GUI_CharLine.o)
                0x10087f8c                GUI__DispLine
 .text.GL_FillCircle
                0x10088028       0xcc Generated_Source\PSoC6\pdl\middleware\emWin\libs\GCC\libemWin_nosnts_gcc.a(GUI_Circ.o)
                0x10088028                GL_FillCircle
 .text.GUI_SelectLayer
                0x100880f4       0x28 Generated_Source\PSoC6\pdl\middleware\emWin\libs\GCC\libemWin_nosnts_gcc.a(GUI_SelectLayer.o)
                0x100880f4                GUI_SelectLayer
 .text._Unlink  0x1008811c       0x4c Generated_Source\PSoC6\pdl\middleware\emWin\libs\GCC\libemWin_nosnts_gcc.a(GUI_Timer.o)
 .text.GUI_TIMER__GetFirstTimer
                0x10088168       0x2c Generated_Source\PSoC6\pdl\middleware\emWin\libs\GCC\libemWin_nosnts_gcc.a(GUI_Timer.o)
                0x10088168                GUI_TIMER__GetFirstTimer
 .text.GUI_TIMER__GetNextTimerLin
                0x10088194       0x36 Generated_Source\PSoC6\pdl\middleware\emWin\libs\GCC\libemWin_nosnts_gcc.a(GUI_Timer.o)
                0x10088194                GUI_TIMER__GetNextTimerLin
 *fill*         0x100881ca        0x2 
 .text.GUI_TIMER_Delete
                0x100881cc       0x60 Generated_Source\PSoC6\pdl\middleware\emWin\libs\GCC\libemWin_nosnts_gcc.a(GUI_Timer.o)
                0x100881cc                GUI_TIMER_Delete
 .text.GUI_TIMER_GetFlag
                0x1008822c       0x24 Generated_Source\PSoC6\pdl\middleware\emWin\libs\GCC\libemWin_nosnts_gcc.a(GUI_Timer.o)
                0x1008822c                GUI_TIMER_GetFlag
 .text._GetIndexMask_0
                0x10088250       0x44 Generated_Source\PSoC6\pdl\middleware\emWin\libs\GCC\libemWin_nosnts_gcc.a(GUICC_0.o)
 .text._Index2Color_0
                0x10088294       0x20 Generated_Source\PSoC6\pdl\middleware\emWin\libs\GCC\libemWin_nosnts_gcc.a(GUICC_0.o)
 .text._Color2Index_0
                0x100882b4       0x50 Generated_Source\PSoC6\pdl\middleware\emWin\libs\GCC\libemWin_nosnts_gcc.a(GUICC_0.o)
 .text.LCD_Index2Color_8888
                0x10088304        0x2 Generated_Source\PSoC6\pdl\middleware\emWin\libs\GCC\libemWin_nosnts_gcc.a(GUICC_8888_Index2Color.o)
                0x10088304                LCD_Index2Color_8888
 .text.GUI_MEMDEV__WriteToActiveAt
                0x10088306       0x30 Generated_Source\PSoC6\pdl\middleware\emWin\libs\GCC\libemWin_nosnts_gcc.a(GUIDEV.o)
                0x10088306                GUI_MEMDEV__WriteToActiveAt
 *fill*         0x10088336        0x2 
 .text.GUI_MEMDEV__CreateFixed
                0x10088338      0x124 Generated_Source\PSoC6\pdl\middleware\emWin\libs\GCC\libemWin_nosnts_gcc.a(GUIDEV.o)
                0x10088338                GUI_MEMDEV__CreateFixed
 .text.GUI_MEMDEV_GetBitsPerPixel
                0x1008845c       0x26 Generated_Source\PSoC6\pdl\middleware\emWin\libs\GCC\libemWin_nosnts_gcc.a(GUIDEV.o)
                0x1008845c                GUI_MEMDEV_GetBitsPerPixel
 *fill*         0x10088482        0x2 
 .text.GUI_MEMDEV_Delete
                0x10088484       0x40 Generated_Source\PSoC6\pdl\middleware\emWin\libs\GCC\libemWin_nosnts_gcc.a(GUIDEV.o)
                0x10088484                GUI_MEMDEV_Delete
 .text.GUI_MEMDEV_CreateEx